Component: Arm Compiler for Embedded 6.21 Tool: armlink [5ec1fa00]

==============================================================================

Section Cross References

    main.o(.text.main) refers to ti_msp_dl_config.o(.text.SYSCFG_DL_init) for SYSCFG_DL_init
    main.o(.text.main) refers to oled.o(.text.OLED_Init) for OLED_Init
    main.o(.text.main) refers to main.o(.text.boot_screen) for boot_screen
    main.o(.text.main) refers to dl_common.o(.text.DL_Common_delayCycles) for DL_Common_delayCycles
    main.o(.text.main) refers to oled.o(.text.OLED_Clear) for OLED_Clear
    main.o(.text.main) refers to main.o(.text.__NVIC_EnableIRQ) for __NVIC_EnableIRQ
    main.o(.text.main) refers to main.o(.text.DL_Timer_startCounter) for DL_Timer_startCounter
    main.o(.text.main) refers to dl_timer.o(.text.DL_Timer_setCaptureCompareValue) for DL_Timer_setCaptureCompareValue
    main.o(.text.main) refers to main.o(.text.functional_interface) for functional_interface
    main.o(.text.main) refers to main.o(.text.keyboard) for keyboard
    main.o(.text.main) refers to main.o(.text.function_v1) for function_v1
    main.o(.text.main) refers to main.o(.text.function_v2) for function_v2
    main.o(.text.main) refers to main.o(.text.function_v3) for function_v3
    main.o(.text.main) refers to main.o(.text.function_v4) for function_v4
    main.o(.ARM.exidx.text.main) refers to main.o(.text.main) for [Anonymous Symbol]
    main.o(.ARM.exidx.text.__NVIC_EnableIRQ) refers to main.o(.text.__NVIC_EnableIRQ) for [Anonymous Symbol]
    main.o(.ARM.exidx.text.DL_Timer_startCounter) refers to main.o(.text.DL_Timer_startCounter) for [Anonymous Symbol]
    main.o(.text.keyboard) refers to main.o(.text.DL_GPIO_clearPins) for DL_GPIO_clearPins
    main.o(.text.keyboard) refers to main.o(.text.DL_GPIO_setPins) for DL_GPIO_setPins
    main.o(.text.keyboard) refers to dl_common.o(.text.DL_Common_delayCycles) for DL_Common_delayCycles
    main.o(.text.keyboard) refers to main.o(.text.DL_GPIO_readPins) for DL_GPIO_readPins
    main.o(.ARM.exidx.text.keyboard) refers to main.o(.text.keyboard) for [Anonymous Symbol]
    main.o(.text.TIMG0_IRQHandler) refers to main.o(.text.calendar_change) for calendar_change
    main.o(.text.TIMG0_IRQHandler) refers to main.o(.text.hms_integration) for hms_integration
    main.o(.text.TIMG0_IRQHandler) refers to main.o(.text.ymd_integration) for ymd_integration
    main.o(.text.TIMG0_IRQHandler) refers to main.o(.data.hour) for hour
    main.o(.text.TIMG0_IRQHandler) refers to main.o(.bss.minute) for minute
    main.o(.text.TIMG0_IRQHandler) refers to main.o(.bss.second) for second
    main.o(.text.TIMG0_IRQHandler) refers to main.o(.data.year) for year
    main.o(.text.TIMG0_IRQHandler) refers to main.o(.data.month) for month
    main.o(.text.TIMG0_IRQHandler) refers to main.o(.data.day) for day
    main.o(.text.TIMG0_IRQHandler) refers to main.o(.data.carry) for carry
    main.o(.text.TIMG0_IRQHandler) refers to main.o(.data.ap) for ap
    main.o(.text.TIMG0_IRQHandler) refers to main.o(.data.time) for time
    main.o(.text.TIMG0_IRQHandler) refers to main.o(.data.calendar) for calendar
    main.o(.text.TIMG0_IRQHandler) refers to main.o(.bss.is_time) for is_time
    main.o(.ARM.exidx.text.TIMG0_IRQHandler) refers to main.o(.text.TIMG0_IRQHandler) for [Anonymous Symbol]
    main.o(.ARM.exidx.text.calendar_change) refers to main.o(.text.calendar_change) for [Anonymous Symbol]
    main.o(.text.hms_integration) refers to main.o(.text.hms_into_t) for hms_into_t
    main.o(.ARM.exidx.text.hms_integration) refers to main.o(.text.hms_integration) for [Anonymous Symbol]
    main.o(.text.ymd_integration) refers to aeabi_sdiv.o(.text) for __aeabi_uidivmod
    main.o(.ARM.exidx.text.ymd_integration) refers to main.o(.text.ymd_integration) for [Anonymous Symbol]
    main.o(.text.hms_into_t) refers to aeabi_sdiv.o(.text) for __aeabi_uidiv
    main.o(.ARM.exidx.text.hms_into_t) refers to main.o(.text.hms_into_t) for [Anonymous Symbol]
    main.o(.text.hms_integration_) refers to main.o(.text.hms_into_t_) for hms_into_t_
    main.o(.ARM.exidx.text.hms_integration_) refers to main.o(.text.hms_integration_) for [Anonymous Symbol]
    main.o(.text.hms_into_t_) refers to aeabi_sdiv.o(.text) for __aeabi_uidiv
    main.o(.ARM.exidx.text.hms_into_t_) refers to main.o(.text.hms_into_t_) for [Anonymous Symbol]
    main.o(.text.boot_screen) refers to oled.o(.text.OLED_ShowCHinese) for OLED_ShowCHinese
    main.o(.text.boot_screen) refers to oled.o(.text.OLED_ShowChar) for OLED_ShowChar
    main.o(.ARM.exidx.text.boot_screen) refers to main.o(.text.boot_screen) for [Anonymous Symbol]
    main.o(.ARM.exidx.text.DL_GPIO_clearPins) refers to main.o(.text.DL_GPIO_clearPins) for [Anonymous Symbol]
    main.o(.ARM.exidx.text.DL_GPIO_setPins) refers to main.o(.text.DL_GPIO_setPins) for [Anonymous Symbol]
[...]
    ../clib/armsys.c                         0x00000000   Number         0  no_argv.o ABSOLUTE
    ../clib/division.s                       0x00000000   Number         0  aeabi_sdiv.o ABSOLUTE
    ../clib/division.s                       0x00000000   Number         0  aeabi_sdiv_div0.o ABSOLUTE
    ../clib/heapalloc.c                      0x00000000   Number         0  hrguard.o ABSOLUTE
    ../clib/heapaux.c                        0x00000000   Number         0  heapauxi.o ABSOLUTE
    ../clib/libinit.s                        0x00000000   Number         0  libinit.o ABSOLUTE
    ../clib/libinit.s                        0x00000000   Number         0  libinit2.o ABSOLUTE
    ../clib/libinit.s                        0x00000000   Number         0  libshutdown.o ABSOLUTE
    ../clib/libinit.s                        0x00000000   Number         0  libshutdown2.o ABSOLUTE
    ../clib/signal.c                         0x00000000   Number         0  defsig_fpe_outer.o ABSOLUTE
    ../clib/signal.c                         0x00000000   Number         0  defsig_fpe_formal.o ABSOLUTE
    ../clib/signal.c                         0x00000000   Number         0  defsig_exit.o ABSOLUTE
    ../clib/signal.c                         0x00000000   Number         0  defsig_fpe_inner.o ABSOLUTE
    ../clib/signal.c                         0x00000000   Number         0  __raise.o ABSOLUTE
    ../clib/signal.c                         0x00000000   Number         0  defsig_general.o ABSOLUTE
    ../clib/signal.c                         0x00000000   Number         0  defsig_abrt_inner.o ABSOLUTE
    ../clib/signal.c                         0x00000000   Number         0  defsig_rtred_inner.o ABSOLUTE
    ../clib/signal.c                         0x00000000   Number         0  defsig_rtmem_inner.o ABSOLUTE
    ../clib/signal.c                         0x00000000   Number         0  defsig_rtmem_outer.o ABSOLUTE
    ../clib/signal.c                         0x00000000   Number         0  defsig_rtmem_formal.o ABSOLUTE
    ../clib/signal.c                         0x00000000   Number         0  defsig_stak_inner.o ABSOLUTE
    ../clib/signal.c                         0x00000000   Number         0  defsig_pvfn_inner.o ABSOLUTE
    ../clib/signal.c                         0x00000000   Number         0  defsig_cppl_inner.o ABSOLUTE
    ../clib/signal.c                         0x00000000   Number         0  defsig_segv_inner.o ABSOLUTE
    ../clib/signal.c                         0x00000000   Number         0  defsig_other.o ABSOLUTE
    ../clib/signal.s                         0x00000000   Number         0  defsig.o ABSOLUTE
    ../clib/stdlib.c                         0x00000000   Number         0  exit.o ABSOLUTE
    ../fplib/cfplib/fpinit.c                 0x00000000   Number         0  fpinit.o ABSOLUTE
    dc.s                                     0x00000000   Number         0  dc.o ABSOLUTE
    dl_adc12.c                               0x00000000   Number         0  dl_adc12.o ABSOLUTE
    dl_aes.c                                 0x00000000   Number         0  dl_aes.o ABSOLUTE
    dl_common.c                              0x00000000   Number         0  dl_common.o ABSOLUTE
    dl_crc.c                                 0x00000000   Number         0  dl_crc.o ABSOLUTE
    dl_dac12.c                               0x00000000   Number         0  dl_dac12.o ABSOLUTE
    dl_dma.c                                 0x00000000   Number         0  dl_dma.o ABSOLUTE
    dl_flashctl.c                            0x00000000   Number         0  dl_flashctl.o ABSOLUTE
    dl_i2c.c                                 0x00000000   Number         0  dl_i2c.o ABSOLUTE
    dl_interrupt.c                           0x00000000   Number         0  dl_interrupt.o ABSOLUTE
    dl_mathacl.c                             0x00000000   Number         0  dl_mathacl.o ABSOLUTE
    dl_mcan.c                                0x00000000   Number         0  dl_mcan.o ABSOLUTE
    dl_opa.c                                 0x00000000   Number         0  dl_opa.o ABSOLUTE
    dl_rtc.c                                 0x00000000   Number         0  dl_rtc.o ABSOLUTE
    dl_spi.c                                 0x00000000   Number         0  dl_spi.o ABSOLUTE
    dl_sysctl_mspm0l11xx_l13xx.c             0x00000000   Number         0  dl_sysctl_mspm0l11xx_l13xx.o ABSOLUTE
    dl_timer.c                               0x00000000   Number         0  dl_timer.o ABSOLUTE
    dl_trng.c                                0x00000000   Number         0  dl_trng.o ABSOLUTE
    dl_uart.c                                0x00000000   Number         0  dl_uart.o ABSOLUTE
    dl_vref.c                                0x00000000   Number         0  dl_vref.o ABSOLUTE
    main.c                                   0x00000000   Number         0  main.o ABSOLUTE
    oled.c                                   0x00000000   Number         0  oled.o ABSOLUTE
    startup_mspm0l1306_uvision.s             0x00000000   Number         0  startup_mspm0l1306_uvision.o ABSOLUTE
    ti_msp_dl_config.c                       0x00000000   Number         0  ti_msp_dl_config.o ABSOLUTE
    RESET                                    0x00000000   Section      192  startup_mspm0l1306_uvision.o(RESET)
    !!!main                                  0x000000c0   Section        8  __main.o(!!!main)
    !!!scatter                               0x000000c8   Section       84  __scatter.o(!!!scatter)
    !!handler_copy                           0x00000120   Section       26  __scatter_copy.o(!!handler_copy)
    !!handler_null                           0x00000140   Section        2  __scatter.o(!!handler_null)
    !!handler_zi                             0x00000148   Section       28  __scatter_zi.o(!!handler_zi)
    .ARM.Collect$$libinit$$00000000          0x00000164   Section        2  libinit.o(.ARM.Collect$$libinit$$00000000)
    .ARM.Collect$$libinit$$00000002          0x00000166   Section        0  libinit2.o(.ARM.Collect$$libinit$$00000002)
    .ARM.Collect$$libinit$$00000004          0x00000166   Section        0  libinit2.o(.ARM.Collect$$libinit$$00000004)
    .ARM.Collect$$libinit$$00000006          0x00000166   Section        0  libinit2.o(.ARM.Collect$$libinit$$00000006)
    .ARM.Collect$$libinit$$0000000C          0x00000166   Section        0  libinit2.o(.ARM.Collect$$libinit$$0000000C)
    .ARM.Collect$$libinit$$0000000E          0x00000166   Section        0  libinit2.o(.ARM.Collect$$libinit$$0000000E)
    .ARM.Collect$$libinit$$00000010          0x00000166   Section        0  libinit2.o(.ARM.Collect$$libinit$$00000010)
    .ARM.Collect$$libinit$$00000013          0x00000166   Section        0  libinit2.o(.ARM.Collect$$libinit$$00000013)
    .ARM.Collect$$libinit$$00000015          0x00000166   Section        0  libinit2.o(.ARM.Collect$$libinit$$00000015)
    .ARM.Collect$$libinit$$00000017          0x00000166   Section        0  libinit2.o(.ARM.Collect$$libinit$$00000017)
    .ARM.Collect$$libinit$$00000019          0x00000166   Section        0  libinit2.o(.ARM.Collect$$libinit$$00000019)
    .ARM.Collect$$libinit$$0000001B          0x00000166   Section        0  libinit2.o(.ARM.Collect$$libinit$$0000001B)
    .ARM.Collect$$libinit$$0000001D          0x00000166   Section        0  libinit2.o(.ARM.Collect$$libinit$$0000001D)
    .ARM.Collect$$libinit$$0000001F          0x00000166   Section        0  libinit2.o(.ARM.Collect$$libinit$$0000001F)
    .ARM.Collect$$libinit$$00000021          0x00000166   Section        0  libinit2.o(.ARM.Collect$$libinit$$00000021)
    .ARM.Collect$$libinit$$00000023          0x00000166   Section        0  libinit2.o(.ARM.Collect$$libinit$$00000023)
    .ARM.Collect$$libinit$$00000025          0x00000166   Section        0  libinit2.o(.ARM.Collect$$libinit$$00000025)
    .ARM.Collect$$libinit$$00000027          0x00000166   Section        0  libinit2.o(.ARM.Collect$$libinit$$00000027)
    .ARM.Collect$$libinit$$0000002E          0x00000166   Section        0  libinit2.o(.ARM.Collect$$libinit$$0000002E)
    .ARM.Collect$$libinit$$00000030          0x00000166   Section        0  libinit2.o(.ARM.Collect$$libinit$$00000030)
    .ARM.Collect$$libinit$$00000032          0x00000166   Section        0  libinit2.o(.ARM.Collect$$libinit$$00000032)
    .ARM.Collect$$libinit$$00000034          0x00000166   Section        0  libinit2.o(.ARM.Collect$$libinit$$00000034)
    .ARM.Collect$$libinit$$00000035          0x00000166   Section        2  libinit2.o(.ARM.Collect$$libinit$$00000035)
    .ARM.Collect$$libshutdown$$00000000      0x00000168   Section        2  libshutdown.o(.ARM.Collect$$libshutdown$$00000000)
    .ARM.Collect$$libshutdown$$00000002      0x0000016a   Section        0  libshutdown2.o(.ARM.Collect$$libshutdown$$00000002)
    .ARM.Collect$$libshutdown$$00000004      0x0000016a   Section        0  libshutdown2.o(.ARM.Collect$$libshutdown$$00000004)
    .ARM.Collect$$libshutdown$$00000007      0x0000016a   Section        0  libshutdown2.o(.ARM.Collect$$libshutdown$$00000007)
    .ARM.Collect$$libshutdown$$0000000A      0x0000016a   Section        0  libshutdown2.o(.ARM.Collect$$libshutdown$$0000000A)
    .ARM.Collect$$libshutdown$$0000000C      0x0000016a   Section        0  libshutdown2.o(.ARM.Collect$$libshutdown$$0000000C)
    .ARM.Collect$$libshutdown$$0000000F      0x0000016a   Section        0  libshutdown2.o(.ARM.Collect$$libshutdown$$0000000F)
    .ARM.Collect$$libshutdown$$00000010      0x0000016a   Section        2  libshutdown2.o(.ARM.Collect$$libshutdown$$00000010)
    .ARM.Collect$$rtentry$$00000000          0x0000016c   Section        0  __rtentry.o(.ARM.Collect$$rtentry$$00000000)
    .ARM.Collect$$rtentry$$00000002          0x0000016c   Section        0  __rtentry2.o(.ARM.Collect$$rtentry$$00000002)
    .ARM.Collect$$rtentry$$00000004          0x0000016c   Section        6  __rtentry4.o(.ARM.Collect$$rtentry$$00000004)
    .ARM.Collect$$rtentry$$00000009          0x00000172   Section        0  __rtentry2.o(.ARM.Collect$$rtentry$$00000009)
    .ARM.Collect$$rtentry$$0000000A          0x00000172   Section        4  __rtentry2.o(.ARM.Collect$$rtentry$$0000000A)
    .ARM.Collect$$rtentry$$0000000C          0x00000176   Section        0  __rtentry2.o(.ARM.Collect$$rtentry$$0000000C)
    .ARM.Collect$$rtentry$$0000000D          0x00000176   Section        8  __rtentry2.o(.ARM.Collect$$rtentry$$0000000D)
    .ARM.Collect$$rtexit$$00000000           0x0000017e   Section        2  rtexit.o(.ARM.Collect$$rtexit$$00000000)
    .ARM.Collect$$rtexit$$00000002           0x00000180   Section        0  rtexit2.o(.ARM.Collect$$rtexit$$00000002)
    .ARM.Collect$$rtexit$$00000003           0x00000180   Section        4  rtexit2.o(.ARM.Collect$$rtexit$$00000003)
    .ARM.Collect$$rtexit$$00000004           0x00000184   Section        6  rtexit2.o(.ARM.Collect$$rtexit$$00000004)
    .text                                    0x0000018c   Section       44  startup_mspm0l1306_uvision.o(.text)
    .text                                    0x000001b8   Section      364  aeabi_sdiv.o(.text)
    .text                                    0x00000324   Section        0  heapauxi.o(.text)
    .text                                    0x0000032a   Section       62  sys_stackheap_outer.o(.text)
    .text                                    0x00000368   Section        0  exit.o(.text)
    .text                                    0x00000378   Section        8  libspace.o(.text)
    .text                                    0x00000380   Section        0  sys_exit.o(.text)
    .text                                    0x0000038c   Section        2  use_no_semi.o(.text)
    [Anonymous Symbol]                       0x0000038e   Section        0  main.o(.text.Clock_interface)
    .text                                    0x0000038e   Section        0  indicate_semi.o(.text)
    [Anonymous Symbol]                       0x0000046a   Section        0  dl_common.o(.text.DL_Common_delayCycles)
    DL_Common_delayCyclesLoop                0x00000470   Number         0  dl_common.o(.text.DL_Common_delayCycles)
    DL_Common_updateReg                      0x0000047b   Thumb Code    40  ti_msp_dl_config.o(.text.DL_Common_updateReg)
    [Anonymous Symbol]                       0x0000047a   Section        0  ti_msp_dl_config.o(.text.DL_Common_updateReg)
    DL_Common_updateReg                      0x000004a3   Thumb Code    40  dl_timer.o(.text.DL_Common_updateReg)
    [Anonymous Symbol]                       0x000004a2   Section        0  dl_timer.o(.text.DL_Common_updateReg)
    DL_Common_updateReg                      0x000004cb   Thumb Code    40  dl_uart.o(.text.DL_Common_updateReg)
    [Anonymous Symbol]                       0x000004ca   Section        0  dl_uart.o(.text.DL_Common_updateReg)
    DL_GPIO_clearPins                        0x000004f3   Thumb Code    20  main.o(.text.DL_GPIO_clearPins)
    [Anonymous Symbol]                       0x000004f2   Section        0  main.o(.text.DL_GPIO_clearPins)
    DL_GPIO_clearPins                        0x00000507   Thumb Code    20  ti_msp_dl_config.o(.text.DL_GPIO_clearPins)
    [Anonymous Symbol]                       0x00000506   Section        0  ti_msp_dl_config.o(.text.DL_GPIO_clearPins)
    DL_GPIO_clearPins                        0x0000051b   Thumb Code    20  oled.o(.text.DL_GPIO_clearPins)
    [Anonymous Symbol]                       0x0000051a   Section        0  oled.o(.text.DL_GPIO_clearPins)
    DL_GPIO_enableOutput                     0x00000531   Thumb Code    20  ti_msp_dl_config.o(.text.DL_GPIO_enableOutput)
    [Anonymous Symbol]                       0x00000530   Section        0  ti_msp_dl_config.o(.text.DL_GPIO_enableOutput)
    __arm_cp.15_0                            0x00000544   Number         4  ti_msp_dl_config.o(.text.DL_GPIO_enableOutput)
    DL_GPIO_enablePower                      0x00000549   Thumb Code    20  ti_msp_dl_config.o(.text.DL_GPIO_enablePower)
    [Anonymous Symbol]                       0x00000548   Section        0  ti_msp_dl_config.o(.text.DL_GPIO_enablePower)
    DL_GPIO_initDigitalInputFeatures         0x0000055d   Thumb Code    44  ti_msp_dl_config.o(.text.DL_GPIO_initDigitalInputFeatures)
    [Anonymous Symbol]                       0x0000055c   Section        0  ti_msp_dl_config.o(.text.DL_GPIO_initDigitalInputFeatures)
    __arm_cp.18_0                            0x00000588   Number         4  ti_msp_dl_config.o(.text.DL_GPIO_initDigitalInputFeatures)
    DL_GPIO_initDigitalOutput                0x0000058d   Thumb Code    20  ti_msp_dl_config.o(.text.DL_GPIO_initDigitalOutput)
    [Anonymous Symbol]                       0x0000058c   Section        0  ti_msp_dl_config.o(.text.DL_GPIO_initDigitalOutput)
    DL_GPIO_initPeripheralInputFunction      0x000005a1   Thumb Code    24  ti_msp_dl_config.o(.text.DL_GPIO_initPeripheralInputFunction)
    [Anonymous Symbol]                       0x000005a0   Section        0  ti_msp_dl_config.o(.text.DL_GPIO_initPeripheralInputFunction)
    __arm_cp.16_0                            0x000005b8   Number         4  ti_msp_dl_config.o(.text.DL_GPIO_initPeripheralInputFunction)
    DL_GPIO_initPeripheralOutputFunction     0x000005bd   Thumb Code    24  ti_msp_dl_config.o(.text.DL_GPIO_initPeripheralOutputFunction)
    [Anonymous Symbol]                       0x000005bc   Section        0  ti_msp_dl_config.o(.text.DL_GPIO_initPeripheralOutputFunction)
    __arm_cp.14_0                            0x000005d4   Number         4  ti_msp_dl_config.o(.text.DL_GPIO_initPeripheralOutputFunction)
    DL_GPIO_readPins                         0x000005d9   Thumb Code    22  main.o(.text.DL_GPIO_readPins)
    [Anonymous Symbol]                       0x000005d8   Section        0  main.o(.text.DL_GPIO_readPins)
    DL_GPIO_reset                            0x000005f1   Thumb Code    16  ti_msp_dl_config.o(.text.DL_GPIO_reset)
    [Anonymous Symbol]                       0x000005f0   Section        0  ti_msp_dl_config.o(.text.DL_GPIO_reset)
    DL_GPIO_setLowerPinsPolarity             0x00000601   Thumb Code    24  ti_msp_dl_config.o(.text.DL_GPIO_setLowerPinsPolarity)
    [Anonymous Symbol]                       0x00000600   Section        0  ti_msp_dl_config.o(.text.DL_GPIO_setLowerPinsPolarity)
    __arm_cp.21_0                            0x00000618   Number         4  ti_msp_dl_config.o(.text.DL_GPIO_setLowerPinsPolarity)
    DL_GPIO_setPins                          0x0000061d   Thumb Code    20  main.o(.text.DL_GPIO_setPins)
    [Anonymous Symbol]                       0x0000061c   Section        0  main.o(.text.DL_GPIO_setPins)
    DL_GPIO_setPins                          0x00000631   Thumb Code    20  ti_msp_dl_config.o(.text.DL_GPIO_setPins)
    [Anonymous Symbol]                       0x00000630   Section        0  ti_msp_dl_config.o(.text.DL_GPIO_setPins)
    DL_GPIO_setPins                          0x00000645   Thumb Code    20  oled.o(.text.DL_GPIO_setPins)
    [Anonymous Symbol]                       0x00000644   Section        0  oled.o(.text.DL_GPIO_setPins)
    __arm_cp.2_0                             0x00000658   Number         4  oled.o(.text.DL_GPIO_setPins)
    DL_GPIO_setUpperPinsPolarity             0x0000065d   Thumb Code    24  ti_msp_dl_config.o(.text.DL_GPIO_setUpperPinsPolarity)
    [Anonymous Symbol]                       0x0000065c   Section        0  ti_msp_dl_config.o(.text.DL_GPIO_setUpperPinsPolarity)
    DL_SYSCTL_enableMFCLK                    0x00000675   Thumb Code    16  ti_msp_dl_config.o(.text.DL_SYSCTL_enableMFCLK)
    [Anonymous Symbol]                       0x00000674   Section        0  ti_msp_dl_config.o(.text.DL_SYSCTL_enableMFCLK)
    DL_SYSCTL_setBORThreshold                0x00000685   Thumb Code    20  ti_msp_dl_config.o(.text.DL_SYSCTL_setBORThreshold)
    [Anonymous Symbol]                       0x00000684   Section        0  ti_msp_dl_config.o(.text.DL_SYSCTL_setBORThreshold)
    __arm_cp.23_0                            0x00000698   Number         4  ti_msp_dl_config.o(.text.DL_SYSCTL_setBORThreshold)
    DL_SYSCTL_setMCLKDivider                 0x0000069d   Thumb Code    24  ti_msp_dl_config.o(.text.DL_SYSCTL_setMCLKDivider)
    [Anonymous Symbol]                       0x0000069c   Section        0  ti_msp_dl_config.o(.text.DL_SYSCTL_setMCLKDivider)
    __arm_cp.26_0                            0x000006b4   Number         4  ti_msp_dl_config.o(.text.DL_SYSCTL_setMCLKDivider)
    DL_SYSCTL_setSYSOSCFreq                  0x000006b9   Thumb Code    24  ti_msp_dl_config.o(.text.DL_SYSCTL_setSYSOSCFreq)
    [Anonymous Symbol]                       0x000006b8   Section        0  ti_msp_dl_config.o(.text.DL_SYSCTL_setSYSOSCFreq)
    __arm_cp.24_0                            0x000006d0   Number         4  ti_msp_dl_config.o(.text.DL_SYSCTL_setSYSOSCFreq)
    DL_Timer_enableClock                     0x000006d5   Thumb Code    16  ti_msp_dl_config.o(.text.DL_Timer_enableClock)
    [Anonymous Symbol]                       0x000006d4   Section        0  ti_msp_dl_config.o(.text.DL_Timer_enableClock)
    __arm_cp.27_0                            0x000006e4   Number         4  ti_msp_dl_config.o(.text.DL_Timer_enableClock)
    DL_Timer_enableInterrupt                 0x000006e9   Thumb Code    24  ti_msp_dl_config.o(.text.DL_Timer_enableInterrupt)
    [Anonymous Symbol]                       0x000006e8   Section        0  ti_msp_dl_config.o(.text.DL_Timer_enableInterrupt)
    __arm_cp.29_0                            0x00000700   Number         4  ti_msp_dl_config.o(.text.DL_Timer_enableInterrupt)
    DL_Timer_enablePower                     0x00000705   Thumb Code    20  ti_msp_dl_config.o(.text.DL_Timer_enablePower)
    [Anonymous Symbol]                       0x00000704   Section        0  ti_msp_dl_config.o(.text.DL_Timer_enablePower)
    __arm_cp.12_0                            0x00000718   Number         4  ti_msp_dl_config.o(.text.DL_Timer_enablePower)
    [Anonymous Symbol]                       0x0000071c   Section        0  dl_timer.o(.text.DL_Timer_initPWMMode)
    __arm_cp.17_0                            0x00000820   Number         4  dl_timer.o(.text.DL_Timer_initPWMMode)
    __arm_cp.17_2                            0x00000824   Number         4  dl_timer.o(.text.DL_Timer_initPWMMode)
    [Anonymous Symbol]                       0x00000828   Section        0  dl_timer.o(.text.DL_Timer_initTimerMode)
    DL_Timer_reset                           0x00000925   Thumb Code    16  ti_msp_dl_config.o(.text.DL_Timer_reset)
    [Anonymous Symbol]                       0x00000924   Section        0  ti_msp_dl_config.o(.text.DL_Timer_reset)
    __arm_cp.9_0                             0x00000934   Number         4  ti_msp_dl_config.o(.text.DL_Timer_reset)
    __arm_cp.9_1                             0x00000938   Number         4  ti_msp_dl_config.o(.text.DL_Timer_reset)
    DL_Timer_setCCPDirection                 0x0000093d   Thumb Code    20  ti_msp_dl_config.o(.text.DL_Timer_setCCPDirection)
    [Anonymous Symbol]                       0x0000093c   Section        0  ti_msp_dl_config.o(.text.DL_Timer_setCCPDirection)
    [Anonymous Symbol]                       0x00000950   Section        0  dl_timer.o(.text.DL_Timer_setCaptCompUpdateMethod)
    [Anonymous Symbol]                       0x00000980   Section        0  dl_timer.o(.text.DL_Timer_setCaptureCompareAction)
    __arm_cp.18_0                            0x000009ac   Number         4  dl_timer.o(.text.DL_Timer_setCaptureCompareAction)
    __arm_cp.18_1                            0x000009b0   Number         4  dl_timer.o(.text.DL_Timer_setCaptureCompareAction)
    [Anonymous Symbol]                       0x000009b4   Section        0  dl_timer.o(.text.DL_Timer_setCaptureCompareCtl)
    __arm_cp.6_0                             0x000009e8   Number         4  dl_timer.o(.text.DL_Timer_setCaptureCompareCtl)
    __arm_cp.6_1                             0x000009ec   Number         4  dl_timer.o(.text.DL_Timer_setCaptureCompareCtl)
    [Anonymous Symbol]                       0x000009f0   Section        0  dl_timer.o(.text.DL_Timer_setCaptureCompareInput)
    [Anonymous Symbol]                       0x00000a24   Section        0  dl_timer.o(.text.DL_Timer_setCaptureCompareOutCtl)
    __arm_cp.19_0                            0x00000a60   Number         4  dl_timer.o(.text.DL_Timer_setCaptureCompareOutCtl)
    [Anonymous Symbol]                       0x00000a64   Section        0  dl_timer.o(.text.DL_Timer_setCaptureCompareValue)
    __arm_cp.5_0                             0x00000a8c   Number         4  dl_timer.o(.text.DL_Timer_setCaptureCompareValue)
    [Anonymous Symbol]                       0x00000a90   Section        0  dl_timer.o(.text.DL_Timer_setClockConfig)
    __arm_cp.0_1                             0x00000abc   Number         4  dl_timer.o(.text.DL_Timer_setClockConfig)
    DL_Timer_setCounterValueAfterEnable      0x00000ac1   Thumb Code    28  dl_timer.o(.text.DL_Timer_setCounterValueAfterEnable)
    [Anonymous Symbol]                       0x00000ac0   Section        0  dl_timer.o(.text.DL_Timer_setCounterValueAfterEnable)
    DL_Timer_setLoadValue                    0x00000add   Thumb Code    20  dl_timer.o(.text.DL_Timer_setLoadValue)
    [Anonymous Symbol]                       0x00000adc   Section        0  dl_timer.o(.text.DL_Timer_setLoadValue)
    __arm_cp.3_0                             0x00000af0   Number         4  dl_timer.o(.text.DL_Timer_setLoadValue)
    DL_Timer_startCounter                    0x00000af5   Thumb Code    20  main.o(.text.DL_Timer_startCounter)
    [Anonymous Symbol]                       0x00000af4   Section        0  main.o(.text.DL_Timer_startCounter)
    DL_Timer_stopCounter                     0x00000b09   Thumb Code    20  main.o(.text.DL_Timer_stopCounter)
    [Anonymous Symbol]                       0x00000b08   Section        0  main.o(.text.DL_Timer_stopCounter)
    __arm_cp.23_0                            0x00000b1c   Number         4  main.o(.text.DL_Timer_stopCounter)
    DL_UART_disable                          0x00000b21   Thumb Code    22  dl_uart.o(.text.DL_UART_disable)
    [Anonymous Symbol]                       0x00000b20   Section        0  dl_uart.o(.text.DL_UART_disable)
    DL_UART_enable                           0x00000b37   Thumb Code    22  ti_msp_dl_config.o(.text.DL_UART_enable)
    [Anonymous Symbol]                       0x00000b36   Section        0  ti_msp_dl_config.o(.text.DL_UART_enable)
    DL_UART_enablePower                      0x00000b4d   Thumb Code    20  ti_msp_dl_config.o(.text.DL_UART_enablePower)
    [Anonymous Symbol]                       0x00000b4c   Section        0  ti_msp_dl_config.o(.text.DL_UART_enablePower)
    __arm_cp.13_0                            0x00000b60   Number         4  ti_msp_dl_config.o(.text.DL_UART_enablePower)
    [Anonymous Symbol]                       0x00000b64   Section        0  dl_uart.o(.text.DL_UART_init)
    __arm_cp.0_0                             0x00000ba8   Number         4  dl_uart.o(.text.DL_UART_init)
    DL_UART_reset                            0x00000bad   Thumb Code    16  ti_msp_dl_config.o(.text.DL_UART_reset)
    [Anonymous Symbol]                       0x00000bac   Section        0  ti_msp_dl_config.o(.text.DL_UART_reset)
    __arm_cp.10_0                            0x00000bbc   Number         4  ti_msp_dl_config.o(.text.DL_UART_reset)
    __arm_cp.10_1                            0x00000bc0   Number         4  ti_msp_dl_config.o(.text.DL_UART_reset)
    DL_UART_setBaudRateDivisor               0x00000bc5   Thumb Code    60  ti_msp_dl_config.o(.text.DL_UART_setBaudRateDivisor)
    [Anonymous Symbol]                       0x00000bc4   Section        0  ti_msp_dl_config.o(.text.DL_UART_setBaudRateDivisor)
    __arm_cp.31_0                            0x00000c00   Number         4  ti_msp_dl_config.o(.text.DL_UART_setBaudRateDivisor)
    __arm_cp.31_1                            0x00000c04   Number         4  ti_msp_dl_config.o(.text.DL_UART_setBaudRateDivisor)
    __arm_cp.31_2                            0x00000c08   Number         4  ti_msp_dl_config.o(.text.DL_UART_setBaudRateDivisor)
    __arm_cp.31_3                            0x00000c0c   Number         4  ti_msp_dl_config.o(.text.DL_UART_setBaudRateDivisor)
    [Anonymous Symbol]                       0x00000c10   Section        0  dl_uart.o(.text.DL_UART_setClockConfig)
    __arm_cp.3_0                             0x00000c30   Number         4  dl_uart.o(.text.DL_UART_setClockConfig)
    DL_UART_setOversampling                  0x00000c35   Thumb Code    30  ti_msp_dl_config.o(.text.DL_UART_setOversampling)
    [Anonymous Symbol]                       0x00000c34   Section        0  ti_msp_dl_config.o(.text.DL_UART_setOversampling)
    [Anonymous Symbol]                       0x00000c52   Section        0  oled.o(.text.OLED_Clear)
    [Anonymous Symbol]                       0x00000cbc   Section        0  oled.o(.text.OLED_Init)
    [Anonymous Symbol]                       0x00000df0   Section        0  oled.o(.text.OLED_Set_Pos)
    [Anonymous Symbol]                       0x00000e30   Section        0  oled.o(.text.OLED_ShowCHinese)
    __arm_cp.12_0                            0x00000ee4   Number         4  oled.o(.text.OLED_ShowCHinese)
    [Anonymous Symbol]                       0x00000ee8   Section        0  oled.o(.text.OLED_ShowChar)
    __arm_cp.8_0                             0x00000fac   Number         4  oled.o(.text.OLED_ShowChar)
    [Anonymous Symbol]                       0x00000fb0   Section        0  oled.o(.text.OLED_ShowString)
    [Anonymous Symbol]                       0x00001018   Section        0  oled.o(.text.OLED_WR_Byte)
    __arm_cp.1_0                             0x000010b4   Number         4  oled.o(.text.OLED_WR_Byte)
    [Anonymous Symbol]                       0x000010b8   Section        0  ti_msp_dl_config.o(.text.SYSCFG_DL_GPIO_init)
    __arm_cp.2_1                             0x00001190   Number         4  ti_msp_dl_config.o(.text.SYSCFG_DL_GPIO_init)
    __arm_cp.2_2                             0x00001194   Number         4  ti_msp_dl_config.o(.text.SYSCFG_DL_GPIO_init)
    __arm_cp.2_3                             0x00001198   Number         4  ti_msp_dl_config.o(.text.SYSCFG_DL_GPIO_init)
    [Anonymous Symbol]                       0x0000119c   Section        0  ti_msp_dl_config.o(.text.SYSCFG_DL_PWM_0_init)
    __arm_cp.4_0                             0x000011e8   Number         4  ti_msp_dl_config.o(.text.SYSCFG_DL_PWM_0_init)
    __arm_cp.4_2                             0x000011ec   Number         4  ti_msp_dl_config.o(.text.SYSCFG_DL_PWM_0_init)
    __arm_cp.4_3                             0x000011f0   Number         4  ti_msp_dl_config.o(.text.SYSCFG_DL_PWM_0_init)
    [Anonymous Symbol]                       0x000011f4   Section        0  ti_msp_dl_config.o(.text.SYSCFG_DL_SYSCTL_init)
    [Anonymous Symbol]                       0x00001214   Section        0  ti_msp_dl_config.o(.text.SYSCFG_DL_TIMER_0_init)
    __arm_cp.5_0                             0x0000123c   Number         4  ti_msp_dl_config.o(.text.SYSCFG_DL_TIMER_0_init)
    __arm_cp.5_2                             0x00001240   Number         4  ti_msp_dl_config.o(.text.SYSCFG_DL_TIMER_0_init)
    [Anonymous Symbol]                       0x00001244   Section        0  ti_msp_dl_config.o(.text.SYSCFG_DL_TIMER_1_init)
    __arm_cp.6_0                             0x0000126c   Number         4  ti_msp_dl_config.o(.text.SYSCFG_DL_TIMER_1_init)
    __arm_cp.6_2                             0x00001270   Number         4  ti_msp_dl_config.o(.text.SYSCFG_DL_TIMER_1_init)
    [Anonymous Symbol]                       0x00001274   Section        0  ti_msp_dl_config.o(.text.SYSCFG_DL_UART_0_init)
    __arm_cp.7_0                             0x000012a8   Number         4  ti_msp_dl_config.o(.text.SYSCFG_DL_UART_0_init)
    __arm_cp.7_2                             0x000012ac   Number         4  ti_msp_dl_config.o(.text.SYSCFG_DL_UART_0_init)
    [Anonymous Symbol]                       0x000012b0   Section        0  ti_msp_dl_config.o(.text.SYSCFG_DL_init)
    [Anonymous Symbol]                       0x000012d0   Section        0  ti_msp_dl_config.o(.text.SYSCFG_DL_initPower)
    __arm_cp.1_0                             0x00001324   Number         4  ti_msp_dl_config.o(.text.SYSCFG_DL_initPower)
    __arm_cp.1_1                             0x00001328   Number         4  ti_msp_dl_config.o(.text.SYSCFG_DL_initPower)
    __arm_cp.1_2                             0x0000132c   Number         4  ti_msp_dl_config.o(.text.SYSCFG_DL_initPower)
    __arm_cp.1_3                             0x00001330   Number         4  ti_msp_dl_config.o(.text.SYSCFG_DL_initPower)
    __arm_cp.1_4                             0x00001334   Number         4  ti_msp_dl_config.o(.text.SYSCFG_DL_initPower)
    [Anonymous Symbol]                       0x00001338   Section        0  main.o(.text.TIMG0_IRQHandler)
    __arm_cp.4_0                             0x00001484   Number         4  main.o(.text.TIMG0_IRQHandler)
    __arm_cp.4_1                             0x00001488   Number         4  main.o(.text.TIMG0_IRQHandler)
    __arm_cp.4_2                             0x0000148c   Number         4  main.o(.text.TIMG0_IRQHandler)
    __arm_cp.4_3                             0x00001490   Number         4  main.o(.text.TIMG0_IRQHandler)
    __arm_cp.4_4                             0x00001494   Number         4  main.o(.text.TIMG0_IRQHandler)
    __arm_cp.4_5                             0x00001498   Number         4  main.o(.text.TIMG0_IRQHandler)
    __arm_cp.4_6                             0x0000149c   Number         4  main.o(.text.TIMG0_IRQHandler)
    __arm_cp.4_7                             0x000014a0   Number         4  main.o(.text.TIMG0_IRQHandler)
    __arm_cp.4_8                             0x000014a4   Number         4  main.o(.text.TIMG0_IRQHandler)
    __arm_cp.4_9                             0x000014a8   Number         4  main.o(.text.TIMG0_IRQHandler)
    __arm_cp.4_10                            0x000014ac   Number         4  main.o(.text.TIMG0_IRQHandler)
    [Anonymous Symbol]                       0x000014b0   Section        0  main.o(.text.TIMG1_IRQHandler)
    __arm_cp.24_0                            0x00001534   Number         4  main.o(.text.TIMG1_IRQHandler)
    __arm_cp.24_1                            0x00001538   Number         4  main.o(.text.TIMG1_IRQHandler)
    __arm_cp.24_2                            0x0000153c   Number         4  main.o(.text.TIMG1_IRQHandler)
    __arm_cp.24_3                            0x00001540   Number         4  main.o(.text.TIMG1_IRQHandler)
    __arm_cp.24_4                            0x00001544   Number         4  main.o(.text.TIMG1_IRQHandler)
    [Anonymous Symbol]                       0x00001548   Section        0  main.o(.text.Timer_interface)
    __NVIC_DisableIRQ                        0x00001609   Thumb Code    48  main.o(.text.__NVIC_DisableIRQ)
    [Anonymous Symbol]                       0x00001608   Section        0  main.o(.text.__NVIC_DisableIRQ)
    __arm_cp.17_0                            0x00001638   Number         4  main.o(.text.__NVIC_DisableIRQ)
    __NVIC_EnableIRQ                         0x0000163d   Thumb Code    40  main.o(.text.__NVIC_EnableIRQ)
    [Anonymous Symbol]                       0x0000163c   Section        0  main.o(.text.__NVIC_EnableIRQ)
    __arm_cp.1_0                             0x00001664   Number         4  main.o(.text.__NVIC_EnableIRQ)
    [Anonymous Symbol]                       0x00001668   Section        0  main.o(.text.boot_screen)
    [Anonymous Symbol]                       0x000016bc   Section        0  main.o(.text.calendar_change)
    __arm_cp.5_0                             0x000017d0   Number         4  main.o(.text.calendar_change)
    __arm_cp.5_1                             0x000017d4   Number         4  main.o(.text.calendar_change)
    __arm_cp.5_2                             0x000017d8   Number         4  main.o(.text.calendar_change)
    [Anonymous Symbol]                       0x000017dc   Section        0  main.o(.text.calendar_to_ymd)
    __arm_cp.27_0                            0x000018dc   Number         4  main.o(.text.calendar_to_ymd)
    __arm_cp.27_1                            0x000018e0   Number         4  main.o(.text.calendar_to_ymd)
    __arm_cp.27_2                            0x000018e4   Number         4  main.o(.text.calendar_to_ymd)
    [Anonymous Symbol]                       0x000018e8   Section        0  main.o(.text.change_string)
    [Anonymous Symbol]                       0x00001918   Section        0  main.o(.text.clock)
    __arm_cp.21_0                            0x000019e4   Number         4  main.o(.text.clock)
    __arm_cp.21_1                            0x000019e8   Number         4  main.o(.text.clock)
    __arm_cp.21_2                            0x000019ec   Number         4  main.o(.text.clock)
    __arm_cp.21_3                            0x000019f0   Number         4  main.o(.text.clock)
    __arm_cp.21_4                            0x000019f4   Number         4  main.o(.text.clock)
    [Anonymous Symbol]                       0x000019f8   Section        0  main.o(.text.clock_interface)
    [Anonymous Symbol]                       0x00001a9c   Section        0  main.o(.text.date)
    [Anonymous Symbol]                       0x00001bf8   Section        0  oled.o(.text.delay_ms)
    [Anonymous Symbol]                       0x00001c28   Section        0  main.o(.text.function_v1)
    __arm_cp.15_1                            0x00001dac   Number         4  main.o(.text.function_v1)
    __arm_cp.15_2                            0x00001db0   Number         4  main.o(.text.function_v1)
    __arm_cp.15_3                            0x00001db4   Number         4  main.o(.text.function_v1)
    __arm_cp.15_4                            0x00001db8   Number         4  main.o(.text.function_v1)
    __arm_cp.15_5                            0x00001dbc   Number         4  main.o(.text.function_v1)
    __arm_cp.15_6                            0x00001dc0   Number         4  main.o(.text.function_v1)
    __arm_cp.15_7                            0x00001dc4   Number         4  main.o(.text.function_v1)
    [Anonymous Symbol]                       0x00001dc8   Section        0  main.o(.text.function_v2)
    __arm_cp.16_1                            0x00001e8c   Number         4  main.o(.text.function_v2)
    __arm_cp.16_2                            0x00001e90   Number         4  main.o(.text.function_v2)
    __arm_cp.16_3                            0x00001e94   Number         4  main.o(.text.function_v2)
    [Anonymous Symbol]                       0x00001e98   Section        0  main.o(.text.function_v2_interface)
    [Anonymous Symbol]                       0x00001fb4   Section        0  main.o(.text.function_v3)
    __arm_cp.20_0                            0x0000208c   Number         4  main.o(.text.function_v3)
    __arm_cp.20_1                            0x00002090   Number         4  main.o(.text.function_v3)
    __arm_cp.20_2                            0x00002094   Number         4  main.o(.text.function_v3)
    __arm_cp.20_3                            0x00002098   Number         4  main.o(.text.function_v3)
    __arm_cp.20_4                            0x0000209c   Number         4  main.o(.text.function_v3)
    __arm_cp.20_5                            0x000020a0   Number         4  main.o(.text.function_v3)
    __arm_cp.20_6                            0x000020a4   Number         4  main.o(.text.function_v3)
    __arm_cp.20_7                            0x000020a8   Number         4  main.o(.text.function_v3)
    __arm_cp.20_8                            0x000020ac   Number         4  main.o(.text.function_v3)
    __arm_cp.20_9                            0x000020b0   Number         4  main.o(.text.function_v3)
    __arm_cp.20_10                           0x000020b4   Number         4  main.o(.text.function_v3)
    [Anonymous Symbol]                       0x000020b8   Section        0  main.o(.text.function_v4)
    __arm_cp.22_0                            0x000021dc   Number         4  main.o(.text.function_v4)
    __arm_cp.22_1                            0x000021e0   Number         4  main.o(.text.function_v4)
    __arm_cp.22_2                            0x000021e4   Number         4  main.o(.text.function_v4)
    __arm_cp.22_3                            0x000021e8   Number         4  main.o(.text.function_v4)
    __arm_cp.22_4                            0x000021ec   Number         4  main.o(.text.function_v4)
    __arm_cp.22_5                            0x000021f0   Number         4  main.o(.text.function_v4)
    __arm_cp.22_6                            0x000021f4   Number         4  main.o(.text.function_v4)
    [Anonymous Symbol]                       0x000021f8   Section        0  main.o(.text.functional_interface)
    [Anonymous Symbol]                       0x00002314   Section        0  main.o(.text.hms_integration)
    [Anonymous Symbol]                       0x00002348   Section        0  main.o(.text.hms_integration_)
    [Anonymous Symbol]                       0x00002370   Section        0  main.o(.text.hms_into_t)
    [Anonymous Symbol]                       0x000023b6   Section        0  main.o(.text.hms_into_t_)
    [Anonymous Symbol]                       0x000023fc   Section        0  main.o(.text.keyboard)
    __arm_cp.3_0                             0x000024fc   Number         4  main.o(.text.keyboard)
    __arm_cp.3_1                             0x00002500   Number         4  main.o(.text.keyboard)
    __arm_cp.3_2                             0x00002504   Number         4  main.o(.text.keyboard)
    __arm_cp.3_3                             0x00002508   Number         4  main.o(.text.keyboard)
    __arm_cp.3_4                             0x0000250c   Number         4  main.o(.text.keyboard)
    __arm_cp.3_5                             0x00002510   Number         4  main.o(.text.keyboard)
    __arm_cp.3_6                             0x00002514   Number         4  main.o(.text.keyboard)
    [Anonymous Symbol]                       0x00002518   Section        0  main.o(.text.main)
    __arm_cp.0_0                             0x000025ac   Number         4  main.o(.text.main)
    __arm_cp.0_1                             0x000025b0   Number         4  main.o(.text.main)
    __arm_cp.0_2                             0x000025b4   Number         4  main.o(.text.main)
    __arm_cp.0_3                             0x000025b8   Number         4  main.o(.text.main)
    [Anonymous Symbol]                       0x000025bc   Section        0  main.o(.text.sethms)
    [Anonymous Symbol]                       0x00002700   Section        0  main.o(.text.show_week)
    __arm_cp.34_0                            0x00002740   Number         4  main.o(.text.show_week)
    __arm_cp.34_1                            0x00002744   Number         4  main.o(.text.show_week)
    __arm_cp.34_2                            0x00002748   Number         4  main.o(.text.show_week)
    [Anonymous Symbol]                       0x0000274c   Section        0  main.o(.text.transmit_reminder)
    __arm_cp.35_0                            0x00002788   Number         4  main.o(.text.transmit_reminder)
    [Anonymous Symbol]                       0x0000278c   Section        0  main.o(.text.ymd_integration)
    [Anonymous Symbol]                       0x000028d2   Section        0  main.o(.text.zellers_formula)
    gPWM_0ClockConfig                        0x00003a56   Data           3  ti_msp_dl_config.o(.rodata.gPWM_0ClockConfig)
    [Anonymous Symbol]                       0x00003a56   Section        0  ti_msp_dl_config.o(.rodata.gPWM_0ClockConfig)
    gPWM_0Config                             0x00003a5c   Data           8  ti_msp_dl_config.o(.rodata.gPWM_0Config)
    [Anonymous Symbol]                       0x00003a5c   Section        0  ti_msp_dl_config.o(.rodata.gPWM_0Config)
    gTIMER_0ClockConfig                      0x00003a64   Data           3  ti_msp_dl_config.o(.rodata.gTIMER_0ClockConfig)
    [Anonymous Symbol]                       0x00003a64   Section        0  ti_msp_dl_config.o(.rodata.gTIMER_0ClockConfig)
    gTIMER_0TimerConfig                      0x00003a68   Data          20  ti_msp_dl_config.o(.rodata.gTIMER_0TimerConfig)
    [Anonymous Symbol]                       0x00003a68   Section        0  ti_msp_dl_config.o(.rodata.gTIMER_0TimerConfig)
    gTIMER_1ClockConfig                      0x00003a7c   Data           3  ti_msp_dl_config.o(.rodata.gTIMER_1ClockConfig)
    [Anonymous Symbol]                       0x00003a7c   Section        0  ti_msp_dl_config.o(.rodata.gTIMER_1ClockConfig)
    gTIMER_1TimerConfig                      0x00003a80   Data          20  ti_msp_dl_config.o(.rodata.gTIMER_1TimerConfig)
    [Anonymous Symbol]                       0x00003a80   Section        0  ti_msp_dl_config.o(.rodata.gTIMER_1TimerConfig)
    gUART_0ClockConfig                       0x00003a94   Data           2  ti_msp_dl_config.o(.rodata.gUART_0ClockConfig)
    [Anonymous Symbol]                       0x00003a94   Section        0  ti_msp_dl_config.o(.rodata.gUART_0ClockConfig)
    gUART_0Config                            0x00003a96   Data          10  ti_msp_dl_config.o(.rodata.gUART_0Config)
    [Anonymous Symbol]                       0x00003a96   Section        0  ti_msp_dl_config.o(.rodata.gUART_0Config)
    [Anonymous Symbol]                       0x00003aa0   Section        0  main.o(.rodata.str1.1)
    .bss                                     0x20000098   Section       96  libspace.o(.bss)
    Heap_Mem                                 0x20000128   Data           0  startup_mspm0l1306_uvision.o(HEAP)
    Stack_Mem                                0x20000128   Data         256  startup_mspm0l1306_uvision.o(STACK)
    HEAP                                     0x20000128   Section        0  startup_mspm0l1306_uvision.o(HEAP)
    STACK                                    0x20000128   Section      256  startup_mspm0l1306_uvision.o(STACK)
    __initial_sp                             0x20000228   Data           0  startup_mspm0l1306_uvision.o(STACK)

    Global Symbols

    Symbol Name                              Value     Ov Type        Size  Object(Section)

    BuildAttributes$$THM_ISAv3M$S$PE$A:L22$X:L11$S22$IEEE1$IW$~IW$USESV6$~STKCKD$USESV7$~SHL$OSPACE$ROPI$EBA8$UX$STANDARDLIB$REQ8$PRES8$EABIv2 0x00000000   Number         0  anon$$obj.o ABSOLUTE
    __Vectors                                0x00000000   Data           4  startup_mspm0l1306_uvision.o(RESET)
    __ARM_exceptions_init                     - Undefined Weak Reference
    __alloca_initialize                       - Undefined Weak Reference
    __arm_preinit_                            - Undefined Weak Reference
    __arm_relocate_pie_                       - Undefined Weak Reference
    __cpp_initialize__aeabi_                  - Undefined Weak Reference
    __cxa_finalize                            - Undefined Weak Reference
    __rt_locale                               - Undefined Weak Reference
    __sigvec_lookup                           - Undefined Weak Reference
    _atexit_init                              - Undefined Weak Reference
    _call_atexit_fns                          - Undefined Weak Reference
    _clock_init                               - Undefined Weak Reference
    _fp_trap_init                             - Undefined Weak Reference
    _fp_trap_shutdown                         - Undefined Weak Reference
    _get_lc_collate                           - Undefined Weak Reference
    _get_lc_ctype                             - Undefined Weak Reference
    _get_lc_monetary                          - Undefined Weak Reference
    _get_lc_numeric                           - Undefined Weak Reference
    _get_lc_time                              - Undefined Weak Reference
    _getenv_init                              - Undefined Weak Reference
    _handle_redirection                       - Undefined Weak Reference
    _init_alloc                               - Undefined Weak Reference
    _init_user_alloc                          - Undefined Weak Reference
    _initio                                   - Undefined Weak Reference
    _rand_init                                - Undefined Weak Reference
    _signal_finish                            - Undefined Weak Reference
    _signal_init                              - Undefined Weak Reference
    _terminate_alloc                          - Undefined Weak Reference
    _terminate_user_alloc                     - Undefined Weak Reference
    _terminateio                              - Undefined Weak Reference
    __Vectors_End                            0x000000c0   Data           0  startup_mspm0l1306_uvision.o(RESET)
    __Vectors_Size                           0x000000c0   Number         0  startup_mspm0l1306_uvision.o ABSOLUTE
    __main                                   0x000000c1   Thumb Code     8  __main.o(!!!main)
    __scatterload                            0x000000c9   Thumb Code     0  __scatter.o(!!!scatter)
    __scatterload_rt2                        0x000000c9   Thumb Code    74  __scatter.o(!!!scatter)
    __scatterload_rt2_thumb_only             0x000000c9   Thumb Code     0  __scatter.o(!!!scatter)
    __scatterload_loop                       0x000000d3   Thumb Code     0  __scatter.o(!!!scatter)
    __scatterload_copy                       0x00000121   Thumb Code    26  __scatter_copy.o(!!handler_copy)
    __scatterload_null                       0x00000141   Thumb Code     2  __scatter.o(!!handler_null)
    __scatterload_zeroinit                   0x00000149   Thumb Code    28  __scatter_zi.o(!!handler_zi)
    __rt_lib_init                            0x00000165   Thumb Code     0  libinit.o(.ARM.Collect$$libinit$$00000000)
    __rt_lib_init_alloca_1                   0x00000167   Thumb Code     0  libinit2.o(.ARM.Collect$$libinit$$00000030)
    __rt_lib_init_argv_1                     0x00000167   Thumb Code     0  libinit2.o(.ARM.Collect$$libinit$$0000002E)
    __rt_lib_init_atexit_1                   0x00000167   Thumb Code     0  libinit2.o(.ARM.Collect$$libinit$$0000001D)
    __rt_lib_init_clock_1                    0x00000167   Thumb Code     0  libinit2.o(.ARM.Collect$$libinit$$00000023)
    __rt_lib_init_cpp_1                      0x00000167   Thumb Code     0  libinit2.o(.ARM.Collect$$libinit$$00000034)
    __rt_lib_init_exceptions_1               0x00000167   Thumb Code     0  libinit2.o(.ARM.Collect$$libinit$$00000032)
    __rt_lib_init_fp_1                       0x00000167   Thumb Code     0  libinit2.o(.ARM.Collect$$libinit$$00000002)
    __rt_lib_init_fp_trap_1                  0x00000167   Thumb Code     0  libinit2.o(.ARM.Collect$$libinit$$00000021)
    __rt_lib_init_getenv_1                   0x00000167   Thumb Code     0  libinit2.o(.ARM.Collect$$libinit$$00000025)
    __rt_lib_init_heap_1                     0x00000167   Thumb Code     0  libinit2.o(.ARM.Collect$$libinit$$0000000C)
    __rt_lib_init_lc_collate_1               0x00000167   Thumb Code     0  libinit2.o(.ARM.Collect$$libinit$$00000013)
    __rt_lib_init_lc_ctype_1                 0x00000167   Thumb Code     0  libinit2.o(.ARM.Collect$$libinit$$00000015)
    __rt_lib_init_lc_monetary_1              0x00000167   Thumb Code     0  libinit2.o(.ARM.Collect$$libinit$$00000017)
    __rt_lib_init_lc_numeric_1               0x00000167   Thumb Code     0  libinit2.o(.ARM.Collect$$libinit$$00000019)
    __rt_lib_init_lc_time_1                  0x00000167   Thumb Code     0  libinit2.o(.ARM.Collect$$libinit$$0000001B)
    __rt_lib_init_preinit_1                  0x00000167   Thumb Code     0  libinit2.o(.ARM.Collect$$libinit$$00000006)
    __rt_lib_init_rand_1                     0x00000167   Thumb Code     0  libinit2.o(.ARM.Collect$$libinit$$00000010)
    __rt_lib_init_relocate_pie_1             0x00000167   Thumb Code     0  libinit2.o(.ARM.Collect$$libinit$$00000004)
    __rt_lib_init_return                     0x00000167   Thumb Code     0  libinit2.o(.ARM.Collect$$libinit$$00000035)
    __rt_lib_init_signal_1                   0x00000167   Thumb Code     0  libinit2.o(.ARM.Collect$$libinit$$0000001F)
    __rt_lib_init_stdio_1                    0x00000167   Thumb Code     0  libinit2.o(.ARM.Collect$$libinit$$00000027)
    __rt_lib_init_user_alloc_1               0x00000167   Thumb Code     0  libinit2.o(.ARM.Collect$$libinit$$0000000E)
    __rt_lib_shutdown                        0x00000169   Thumb Code     0  libshutdown.o(.ARM.Collect$$libshutdown$$00000000)
    __rt_lib_shutdown_cpp_1                  0x0000016b   Thumb Code     0  libshutdown2.o(.ARM.Collect$$libshutdown$$00000002)
    __rt_lib_shutdown_fp_trap_1              0x0000016b   Thumb Code     0  libshutdown2.o(.ARM.Collect$$libshutdown$$00000007)
    __rt_lib_shutdown_heap_1                 0x0000016b   Thumb Code     0  libshutdown2.o(.ARM.Collect$$libshutdown$$0000000F)
    __rt_lib_shutdown_return                 0x0000016b   Thumb Code     0  libshutdown2.o(.ARM.Collect$$libshutdown$$00000010)
    __rt_lib_shutdown_signal_1               0x0000016b   Thumb Code     0  libshutdown2.o(.ARM.Collect$$libshutdown$$0000000A)
    __rt_lib_shutdown_stdio_1                0x0000016b   Thumb Code     0  libshutdown2.o(.ARM.Collect$$libshutdown$$00000004)
    __rt_lib_shutdown_user_alloc_1           0x0000016b   Thumb Code     0  libshutdown2.o(.ARM.Collect$$libshutdown$$0000000C)
    __rt_entry                               0x0000016d   Thumb Code     0  __rtentry.o(.ARM.Collect$$rtentry$$00000000)
    __rt_entry_presh_1                       0x0000016d   Thumb Code     0  __rtentry2.o(.ARM.Collect$$rtentry$$00000002)
    __rt_entry_sh                            0x0000016d   Thumb Code     0  __rtentry4.o(.ARM.Collect$$rtentry$$00000004)
    __rt_entry_li                            0x00000173   Thumb Code     0  __rtentry2.o(.ARM.Collect$$rtentry$$0000000A)
    __rt_entry_postsh_1                      0x00000173   Thumb Code     0  __rtentry2.o(.ARM.Collect$$rtentry$$00000009)
    __rt_entry_main                          0x00000177   Thumb Code     0  __rtentry2.o(.ARM.Collect$$rtentry$$0000000D)
    __rt_entry_postli_1                      0x00000177   Thumb Code     0  __rtentry2.o(.ARM.Collect$$rtentry$$0000000C)
    __rt_exit                                0x0000017f   Thumb Code     0  rtexit.o(.ARM.Collect$$rtexit$$00000000)
    __rt_exit_ls                             0x00000181   Thumb Code     0  rtexit2.o(.ARM.Collect$$rtexit$$00000003)
    __rt_exit_prels_1                        0x00000181   Thumb Code     0  rtexit2.o(.ARM.Collect$$rtexit$$00000002)
    __rt_exit_exit                           0x00000185   Thumb Code     0  rtexit2.o(.ARM.Collect$$rtexit$$00000004)
    Reset_Handler                            0x0000018d   Thumb Code     4  startup_mspm0l1306_uvision.o(.text)
    NMI_Handler                              0x00000191   Thumb Code     2  startup_mspm0l1306_uvision.o(.text)
    HardFault_Handler                        0x00000193   Thumb Code     2  startup_mspm0l1306_uvision.o(.text)
    SVC_Handler                              0x00000195   Thumb Code     2  startup_mspm0l1306_uvision.o(.text)
    PendSV_Handler                           0x00000197   Thumb Code     2  startup_mspm0l1306_uvision.o(.text)
    SysTick_Handler                          0x00000199   Thumb Code     2  startup_mspm0l1306_uvision.o(.text)
    ADC0_IRQHandler                          0x0000019b   Thumb Code     0  startup_mspm0l1306_uvision.o(.text)
    DMA_IRQHandler                           0x0000019b   Thumb Code     0  startup_mspm0l1306_uvision.o(.text)
    Default_Handler                          0x0000019b   Thumb Code     2  startup_mspm0l1306_uvision.o(.text)
    GROUP0_IRQHandler                        0x0000019b   Thumb Code     0  startup_mspm0l1306_uvision.o(.text)
    GROUP1_IRQHandler                        0x0000019b   Thumb Code     0  startup_mspm0l1306_uvision.o(.text)
    I2C0_IRQHandler                          0x0000019b   Thumb Code     0  startup_mspm0l1306_uvision.o(.text)
    I2C1_IRQHandler                          0x0000019b   Thumb Code     0  startup_mspm0l1306_uvision.o(.text)
    SPI0_IRQHandler                          0x0000019b   Thumb Code     0  startup_mspm0l1306_uvision.o(.text)
    TIMG2_IRQHandler                         0x0000019b   Thumb Code     0  startup_mspm0l1306_uvision.o(.text)
    TIMG4_IRQHandler                         0x0000019b   Thumb Code     0  startup_mspm0l1306_uvision.o(.text)
    UART0_IRQHandler                         0x0000019b   Thumb Code     0  startup_mspm0l1306_uvision.o(.text)
    UART1_IRQHandler                         0x0000019b   Thumb Code     0  startup_mspm0l1306_uvision.o(.text)
    __user_initial_stackheap                 0x0000019d   Thumb Code    10  startup_mspm0l1306_uvision.o(.text)
    __aeabi_uidiv                            0x000001b9   Thumb Code     0  aeabi_sdiv.o(.text)
    __aeabi_uidivmod                         0x000001b9   Thumb Code    20  aeabi_sdiv.o(.text)
    __aeabi_idiv                             0x000001cd   Thumb Code     0  aeabi_sdiv.o(.text)
    __aeabi_idivmod                          0x000001cd   Thumb Code   338  aeabi_sdiv.o(.text)
    __use_two_region_memory                  0x00000325   Thumb Code     2  heapauxi.o(.text)
    __rt_heap_escrow$2region                 0x00000327   Thumb Code     2  heapauxi.o(.text)
    __rt_heap_expand$2region                 0x00000329   Thumb Code     2  heapauxi.o(.text)
    __user_setup_stackheap                   0x0000032b   Thumb Code    62  sys_stackheap_outer.o(.text)
    exit                                     0x00000369   Thumb Code    16  exit.o(.text)
    __user_libspace                          0x00000379   Thumb Code     8  libspace.o(.text)
    __user_perproc_libspace                  0x00000379   Thumb Code     0  libspace.o(.text)
    __user_perthread_libspace                0x00000379   Thumb Code     0  libspace.o(.text)
    _sys_exit                                0x00000381   Thumb Code     8  sys_exit.o(.text)
    __I$use$semihosting                      0x0000038d   Thumb Code     0  use_no_semi.o(.text)
    __use_no_semihosting_swi                 0x0000038d   Thumb Code     2  use_no_semi.o(.text)
    Clock_interface                          0x0000038f   Thumb Code   220  main.o(.text.Clock_interface)
    __semihosting_library_function           0x0000038f   Thumb Code     0  indicate_semi.o(.text)
    DL_Common_delayCycles                    0x0000046b   Thumb Code    16  dl_common.o(.text.DL_Common_delayCycles)
    DL_Timer_initPWMMode                     0x0000071d   Thumb Code   260  dl_timer.o(.text.DL_Timer_initPWMMode)
    DL_Timer_initTimerMode                   0x00000829   Thumb Code   252  dl_timer.o(.text.DL_Timer_initTimerMode)
    DL_Timer_setCaptCompUpdateMethod         0x00000951   Thumb Code    48  dl_timer.o(.text.DL_Timer_setCaptCompUpdateMethod)
    DL_Timer_setCaptureCompareAction         0x00000981   Thumb Code    44  dl_timer.o(.text.DL_Timer_setCaptureCompareAction)
    DL_Timer_setCaptureCompareCtl            0x000009b5   Thumb Code    52  dl_timer.o(.text.DL_Timer_setCaptureCompareCtl)
    DL_Timer_setCaptureCompareInput          0x000009f1   Thumb Code    52  dl_timer.o(.text.DL_Timer_setCaptureCompareInput)
    DL_Timer_setCaptureCompareOutCtl         0x00000a25   Thumb Code    60  dl_timer.o(.text.DL_Timer_setCaptureCompareOutCtl)
    DL_Timer_setCaptureCompareValue          0x00000a65   Thumb Code    40  dl_timer.o(.text.DL_Timer_setCaptureCompareValue)
    DL_Timer_setClockConfig                  0x00000a91   Thumb Code    44  dl_timer.o(.text.DL_Timer_setClockConfig)
    DL_UART_init                             0x00000b65   Thumb Code    68  dl_uart.o(.text.DL_UART_init)
    DL_UART_setClockConfig                   0x00000c11   Thumb Code    32  dl_uart.o(.text.DL_UART_setClockConfig)
    OLED_Clear                               0x00000c53   Thumb Code   106  oled.o(.text.OLED_Clear)
    OLED_Init                                0x00000cbd   Thumb Code   308  oled.o(.text.OLED_Init)
    OLED_Set_Pos                             0x00000df1   Thumb Code    62  oled.o(.text.OLED_Set_Pos)
    OLED_ShowCHinese                         0x00000e31   Thumb Code   180  oled.o(.text.OLED_ShowCHinese)
    OLED_ShowChar                            0x00000ee9   Thumb Code   196  oled.o(.text.OLED_ShowChar)
    OLED_ShowString                          0x00000fb1   Thumb Code   104  oled.o(.text.OLED_ShowString)
    OLED_WR_Byte                             0x00001019   Thumb Code   156  oled.o(.text.OLED_WR_Byte)
    SYSCFG_DL_GPIO_init                      0x000010b9   Thumb Code   216  ti_msp_dl_config.o(.text.SYSCFG_DL_GPIO_init)
    SYSCFG_DL_PWM_0_init                     0x0000119d   Thumb Code    76  ti_msp_dl_config.o(.text.SYSCFG_DL_PWM_0_init)
    SYSCFG_DL_SYSCTL_init                    0x000011f5   Thumb Code    32  ti_msp_dl_config.o(.text.SYSCFG_DL_SYSCTL_init)
    SYSCFG_DL_TIMER_0_init                   0x00001215   Thumb Code    40  ti_msp_dl_config.o(.text.SYSCFG_DL_TIMER_0_init)
    SYSCFG_DL_TIMER_1_init                   0x00001245   Thumb Code    40  ti_msp_dl_config.o(.text.SYSCFG_DL_TIMER_1_init)
    SYSCFG_DL_UART_0_init                    0x00001275   Thumb Code    52  ti_msp_dl_config.o(.text.SYSCFG_DL_UART_0_init)
    SYSCFG_DL_init                           0x000012b1   Thumb Code    32  ti_msp_dl_config.o(.text.SYSCFG_DL_init)
    SYSCFG_DL_initPower                      0x000012d1   Thumb Code    84  ti_msp_dl_config.o(.text.SYSCFG_DL_initPower)
    TIMG0_IRQHandler                         0x00001339   Thumb Code   332  main.o(.text.TIMG0_IRQHandler)
    TIMG1_IRQHandler                         0x000014b1   Thumb Code   132  main.o(.text.TIMG1_IRQHandler)
    Timer_interface                          0x00001549   Thumb Code   190  main.o(.text.Timer_interface)
    boot_screen                              0x00001669   Thumb Code    82  main.o(.text.boot_screen)
    calendar_change                          0x000016bd   Thumb Code   276  main.o(.text.calendar_change)
    calendar_to_ymd                          0x000017dd   Thumb Code   256  main.o(.text.calendar_to_ymd)
    change_string                            0x000018e9   Thumb Code    48  main.o(.text.change_string)
    clock                                    0x00001919   Thumb Code   204  main.o(.text.clock)
    clock_interface                          0x000019f9   Thumb Code   162  main.o(.text.clock_interface)
    date                                     0x00001a9d   Thumb Code   348  main.o(.text.date)
    delay_ms                                 0x00001bf9   Thumb Code    48  oled.o(.text.delay_ms)
    function_v1                              0x00001c29   Thumb Code   388  main.o(.text.function_v1)
    function_v2                              0x00001dc9   Thumb Code   196  main.o(.text.function_v2)
    function_v2_interface                    0x00001e99   Thumb Code   284  main.o(.text.function_v2_interface)
    function_v3                              0x00001fb5   Thumb Code   216  main.o(.text.function_v3)
    function_v4                              0x000020b9   Thumb Code   292  main.o(.text.function_v4)
    functional_interface                     0x000021f9   Thumb Code   284  main.o(.text.functional_interface)
    hms_integration                          0x00002315   Thumb Code    52  main.o(.text.hms_integration)
    hms_integration_                         0x00002349   Thumb Code    40  main.o(.text.hms_integration_)
    hms_into_t                               0x00002371   Thumb Code    70  main.o(.text.hms_into_t)
    hms_into_t_                              0x000023b7   Thumb Code    70  main.o(.text.hms_into_t_)
    keyboard                                 0x000023fd   Thumb Code   256  main.o(.text.keyboard)
    main                                     0x00002519   Thumb Code   148  main.o(.text.main)
    sethms                                   0x000025bd   Thumb Code   322  main.o(.text.sethms)
    show_week                                0x00002701   Thumb Code    64  main.o(.text.show_week)
    transmit_reminder                        0x0000274d   Thumb Code    60  main.o(.text.transmit_reminder)
    ymd_integration                          0x0000278d   Thumb Code   326  main.o(.text.ymd_integration)
    zellers_formula                          0x000028d3   Thumb Code   148  main.o(.text.zellers_formula)
    CommonHzk                                0x00002966   Data        2816  oled.o(.rodata.CommonHzk)
    F8X16                                    0x00003466   Data        1520  oled.o(.rodata.F8X16)
    Region$$Table$$Base                      0x00003ab8   Number         0  anon$$obj.o(Region$$Table)
    Region$$Table$$Limit                     0x00003ad8   Number         0  anon$$obj.o(Region$$Table)
    ap                                       0x20000000   Data           3  main.o(.data.ap)
    calendar                                 0x20000003   Data          20  main.o(.data.calendar)
    carry                                    0x20000018   Data           4  main.o(.data.carry)
    day                                      0x2000001c   Data           4  main.o(.data.day)
    hour                                     0x20000020   Data           4  main.o(.data.hour)
    month                                    0x20000024   Data           4  main.o(.data.month)
    pa                                       0x20000028   Data           3  main.o(.data.pa)
    time                                     0x2000002b   Data          20  main.o(.data.time)
    time1                                    0x2000003f   Data          20  main.o(.data.time1)
    time2                                    0x20000053   Data          20  main.o(.data.time2)
    time3                                    0x20000067   Data          20  main.o(.data.time3)
    timer                                    0x2000007b   Data          20  main.o(.data.timer)
    year                                     0x20000090   Data           4  main.o(.data.year)
    __libspace_start                         0x20000098   Data          96  libspace.o(.bss)
    Thour                                    0x200000f8   Data           4  main.o(.bss.Thour)
    __temporary_stack_top$libspace           0x200000f8   Data           0  libspace.o(.bss)
    Tminute                                  0x200000fc   Data           4  main.o(.bss.Tminute)
    Tsecond                                  0x20000100   Data           4  main.o(.bss.Tsecond)
    hour1                                    0x20000104   Data           4  main.o(.bss.hour1)
    hour2                                    0x20000108   Data           4  main.o(.bss.hour2)
    hour3                                    0x2000010c   Data           4  main.o(.bss.hour3)
    is_carry                                 0x20000110   Data           1  main.o(.bss.is_carry)
    is_clock                                 0x20000111   Data           1  main.o(.bss.is_clock)
    is_time                                  0x20000112   Data           1  main.o(.bss.is_time)
    is_timer                                 0x20000113   Data           1  main.o(.bss.is_timer)
    min1                                     0x20000114   Data           4  main.o(.bss.min1)
    min2                                     0x20000118   Data           4  main.o(.bss.min2)
    min3                                     0x2000011c   Data           4  main.o(.bss.min3)
    minute                                   0x20000120   Data           4  main.o(.bss.minute)
    second                                   0x20000124   Data           4  main.o(.bss.second)



==============================================================================

Memory Map of the image

  Image Entry point : 0x000000c1

  Load Region LR_IROM1 (Base: 0x00000000, Size: 0x00003b70, Max: 0x0000fff8, ABSOLUTE)

    Execution Region ER_IROM1 (Exec base: 0x00000000, Load base: 0x00000000, Size: 0x00003ad8, Max: 0x0000fff8, ABSOLUTE)

    Exec Addr    Load Addr    Size         Type   Attr      Idx    E Section Name        Object

    0x00000000   0x00000000   0x000000c0   Data   RO          200    RESET               startup_mspm0l1306_uvision.o
    0x000000c0   0x000000c0   0x00000008   Code   RO          885  * !!!main             c_p.l(__main.o)
    0x000000c8   0x000000c8   0x00000054   Code   RO         1062    !!!scatter          c_p.l(__scatter.o)
    0x0000011c   0x0000011c   0x00000004   PAD
    0x00000120   0x00000120   0x0000001a   Code   RO         1066    !!handler_copy      c_p.l(__scatter_copy.o)
    0x0000013a   0x0000013a   0x00000006   PAD
    0x00000140   0x00000140   0x00000002   Code   RO         1063    !!handler_null      c_p.l(__scatter.o)
    0x00000142   0x00000142   0x00000006   PAD
    0x00000148   0x00000148   0x0000001c   Code   RO         1068    !!handler_zi        c_p.l(__scatter_zi.o)
    0x00000164   0x00000164   0x00000002   Code   RO          923    .ARM.Collect$$libinit$$00000000  c_p.l(libinit.o)
    0x00000166   0x00000166   0x00000000   Code   RO          937    .ARM.Collect$$libinit$$00000002  c_p.l(libinit2.o)
    0x00000166   0x00000166   0x00000000   Code   RO          939    .ARM.Collect$$libinit$$00000004  c_p.l(libinit2.o)
    0x00000166   0x00000166   0x00000000   Code   RO          941    .ARM.Collect$$libinit$$00000006  c_p.l(libinit2.o)
    0x00000166   0x00000166   0x00000000   Code   RO          944    .ARM.Collect$$libinit$$0000000C  c_p.l(libinit2.o)
    0x00000166   0x00000166   0x00000000   Code   RO          946    .ARM.Collect$$libinit$$0000000E  c_p.l(libinit2.o)
    0x00000166   0x00000166   0x00000000   Code   RO          948    .ARM.Collect$$libinit$$00000010  c_p.l(libinit2.o)
    0x00000166   0x00000166   0x00000000   Code   RO          951    .ARM.Collect$$libinit$$00000013  c_p.l(libinit2.o)
    0x00000166   0x00000166   0x00000000   Code   RO          953    .ARM.Collect$$libinit$$00000015  c_p.l(libinit2.o)
    0x00000166   0x00000166   0x00000000   Code   RO          955    .ARM.Collect$$libinit$$00000017  c_p.l(libinit2.o)
    0x00000166   0x00000166   0x00000000   Code   RO          957    .ARM.Collect$$libinit$$00000019  c_p.l(libinit2.o)
    0x00000166   0x00000166   0x00000000   Code   RO          959    .ARM.Collect$$libinit$$0000001B  c_p.l(libinit2.o)
    0x00000166   0x00000166   0x00000000   Code   RO          961    .ARM.Collect$$libinit$$0000001D  c_p.l(libinit2.o)
    0x00000166   0x00000166   0x00000000   Code   RO          963    .ARM.Collect$$libinit$$0000001F  c_p.l(libinit2.o)
    0x00000166   0x00000166   0x00000000   Code   RO          965    .ARM.Collect$$libinit$$00000021  c_p.l(libinit2.o)
    0x00000166   0x00000166   0x00000000   Code   RO          967    .ARM.Collect$$libinit$$00000023  c_p.l(libinit2.o)
    0x00000166   0x00000166   0x00000000   Code   RO          969    .ARM.Collect$$libinit$$00000025  c_p.l(libinit2.o)
    0x00000166   0x00000166   0x00000000   Code   RO          971    .ARM.Collect$$libinit$$00000027  c_p.l(libinit2.o)
    0x00000166   0x00000166   0x00000000   Code   RO          975    .ARM.Collect$$libinit$$0000002E  c_p.l(libinit2.o)
    0x00000166   0x00000166   0x00000000   Code   RO          977    .ARM.Collect$$libinit$$00000030  c_p.l(libinit2.o)
    0x00000166   0x00000166   0x00000000   Code   RO          979    .ARM.Collect$$libinit$$00000032  c_p.l(libinit2.o)
    0x00000166   0x00000166   0x00000000   Code   RO          981    .ARM.Collect$$libinit$$00000034  c_p.l(libinit2.o)
    0x00000166   0x00000166   0x00000002   Code   RO          982    .ARM.Collect$$libinit$$00000035  c_p.l(libinit2.o)
    0x00000168   0x00000168   0x00000002   Code   RO         1017    .ARM.Collect$$libshutdown$$00000000  c_p.l(libshutdown.o)
    0x0000016a   0x0000016a   0x00000000   Code   RO         1045    .ARM.Collect$$libshutdown$$00000002  c_p.l(libshutdown2.o)
    0x0000016a   0x0000016a   0x00000000   Code   RO         1047    .ARM.Collect$$libshutdown$$00000004  c_p.l(libshutdown2.o)
    0x0000016a   0x0000016a   0x00000000   Code   RO         1050    .ARM.Collect$$libshutdown$$00000007  c_p.l(libshutdown2.o)
    0x0000016a   0x0000016a   0x00000000   Code   RO         1053    .ARM.Collect$$libshutdown$$0000000A  c_p.l(libshutdown2.o)
    0x0000016a   0x0000016a   0x00000000   Code   RO         1055    .ARM.Collect$$libshutdown$$0000000C  c_p.l(libshutdown2.o)
    0x0000016a   0x0000016a   0x00000000   Code   RO         1058    .ARM.Collect$$libshutdown$$0000000F  c_p.l(libshutdown2.o)
    0x0000016a   0x0000016a   0x00000002   Code   RO         1059    .ARM.Collect$$libshutdown$$00000010  c_p.l(libshutdown2.o)
    0x0000016c   0x0000016c   0x00000000   Code   RO          887    .ARM.Collect$$rtentry$$00000000  c_p.l(__rtentry.o)
    0x0000016c   0x0000016c   0x00000000   Code   RO          893    .ARM.Collect$$rtentry$$00000002  c_p.l(__rtentry2.o)
    0x0000016c   0x0000016c   0x00000006   Code   RO          905    .ARM.Collect$$rtentry$$00000004  c_p.l(__rtentry4.o)
    0x00000172   0x00000172   0x00000000   Code   RO          895    .ARM.Collect$$rtentry$$00000009  c_p.l(__rtentry2.o)
    0x00000172   0x00000172   0x00000004   Code   RO          896    .ARM.Collect$$rtentry$$0000000A  c_p.l(__rtentry2.o)
    0x00000176   0x00000176   0x00000000   Code   RO          898    .ARM.Collect$$rtentry$$0000000C  c_p.l(__rtentry2.o)
    0x00000176   0x00000176   0x00000008   Code   RO          899    .ARM.Collect$$rtentry$$0000000D  c_p.l(__rtentry2.o)
    0x0000017e   0x0000017e   0x00000002   Code   RO          928    .ARM.Collect$$rtexit$$00000000  c_p.l(rtexit.o)
    0x00000180   0x00000180   0x00000000   Code   RO          988    .ARM.Collect$$rtexit$$00000002  c_p.l(rtexit2.o)
    0x00000180   0x00000180   0x00000004   Code   RO          989    .ARM.Collect$$rtexit$$00000003  c_p.l(rtexit2.o)
    0x00000184   0x00000184   0x00000006   Code   RO          990    .ARM.Collect$$rtexit$$00000004  c_p.l(rtexit2.o)
    0x0000018a   0x0000018a   0x00000002   PAD
    0x0000018c   0x0000018c   0x0000002c   Code   RO          201    .text               startup_mspm0l1306_uvision.o
    0x000001b8   0x000001b8   0x0000016c   Code   RO          879    .text               c_p.l(aeabi_sdiv.o)
    0x00000324   0x00000324   0x00000006   Code   RO          883    .text               c_p.l(heapauxi.o)
    0x0000032a   0x0000032a   0x0000003e   Code   RO          909    .text               c_p.l(sys_stackheap_outer.o)
    0x00000368   0x00000368   0x00000010   Code   RO          912    .text               c_p.l(exit.o)
    0x00000378   0x00000378   0x00000008   Code   RO          924    .text               c_p.l(libspace.o)
    0x00000380   0x00000380   0x0000000c   Code   RO          983    .text               c_p.l(sys_exit.o)
    0x0000038c   0x0000038c   0x00000002   Code   RO         1006    .text               c_p.l(use_no_semi.o)
    0x0000038e   0x0000038e   0x00000000   Code   RO         1008    .text               c_p.l(indicate_semi.o)
    0x0000038e   0x0000038e   0x000000dc   Code   RO           66    .text.Clock_interface  main.o
    0x0000046a   0x0000046a   0x00000010   Code   RO          263    .text.DL_Common_delayCycles  dl_common.o
    0x0000047a   0x0000047a   0x00000028   Code   RO          182    .text.DL_Common_updateReg  ti_msp_dl_config.o
    0x000004a2   0x000004a2   0x00000028   Code   RO          709    .text.DL_Common_updateReg  dl_timer.o
    0x000004ca   0x000004ca   0x00000028   Code   RO          775    .text.DL_Common_updateReg  dl_uart.o
    0x000004f2   0x000004f2   0x00000014   Code   RO           26    .text.DL_GPIO_clearPins  main.o
    0x00000506   0x00000506   0x00000014   Code   RO          154    .text.DL_GPIO_clearPins  ti_msp_dl_config.o
    0x0000051a   0x0000051a   0x00000014   Code   RO          214    .text.DL_GPIO_clearPins  oled.o
    0x0000052e   0x0000052e   0x00000002   PAD
    0x00000530   0x00000530   0x00000018   Code   RO          146    .text.DL_GPIO_enableOutput  ti_msp_dl_config.o
    0x00000548   0x00000548   0x00000014   Code   RO          138    .text.DL_GPIO_enablePower  ti_msp_dl_config.o
    0x0000055c   0x0000055c   0x00000030   Code   RO          152    .text.DL_GPIO_initDigitalInputFeatures  ti_msp_dl_config.o
    0x0000058c   0x0000058c   0x00000014   Code   RO          150    .text.DL_GPIO_initDigitalOutput  ti_msp_dl_config.o
    0x000005a0   0x000005a0   0x0000001c   Code   RO          148    .text.DL_GPIO_initPeripheralInputFunction  ti_msp_dl_config.o
    0x000005bc   0x000005bc   0x0000001c   Code   RO          144    .text.DL_GPIO_initPeripheralOutputFunction  ti_msp_dl_config.o
    0x000005d8   0x000005d8   0x00000016   Code   RO           30    .text.DL_GPIO_readPins  main.o
    0x000005ee   0x000005ee   0x00000002   PAD
    0x000005f0   0x000005f0   0x00000010   Code   RO          132    .text.DL_GPIO_reset  ti_msp_dl_config.o
    0x00000600   0x00000600   0x0000001c   Code   RO          158    .text.DL_GPIO_setLowerPinsPolarity  ti_msp_dl_config.o
    0x0000061c   0x0000061c   0x00000014   Code   RO           28    .text.DL_GPIO_setPins  main.o
    0x00000630   0x00000630   0x00000014   Code   RO          156    .text.DL_GPIO_setPins  ti_msp_dl_config.o
    0x00000644   0x00000644   0x00000018   Code   RO          212    .text.DL_GPIO_setPins  oled.o
    0x0000065c   0x0000065c   0x00000018   Code   RO          160    .text.DL_GPIO_setUpperPinsPolarity  ti_msp_dl_config.o
    0x00000674   0x00000674   0x00000010   Code   RO          166    .text.DL_SYSCTL_enableMFCLK  ti_msp_dl_config.o
    0x00000684   0x00000684   0x00000018   Code   RO          162    .text.DL_SYSCTL_setBORThreshold  ti_msp_dl_config.o
    0x0000069c   0x0000069c   0x0000001c   Code   RO          168    .text.DL_SYSCTL_setMCLKDivider  ti_msp_dl_config.o
    0x000006b8   0x000006b8   0x0000001c   Code   RO          164    .text.DL_SYSCTL_setSYSOSCFreq  ti_msp_dl_config.o
    0x000006d4   0x000006d4   0x00000014   Code   RO          170    .text.DL_Timer_enableClock  ti_msp_dl_config.o
    0x000006e8   0x000006e8   0x0000001c   Code   RO          174    .text.DL_Timer_enableInterrupt  ti_msp_dl_config.o
    0x00000704   0x00000704   0x00000018   Code   RO          140    .text.DL_Timer_enablePower  ti_msp_dl_config.o
    0x0000071c   0x0000071c   0x0000010c   Code   RO          721    .text.DL_Timer_initPWMMode  dl_timer.o
    0x00000828   0x00000828   0x000000fc   Code   RO          691    .text.DL_Timer_initTimerMode  dl_timer.o
    0x00000924   0x00000924   0x00000018   Code   RO          134    .text.DL_Timer_reset  ti_msp_dl_config.o
    0x0000093c   0x0000093c   0x00000014   Code   RO          172    .text.DL_Timer_setCCPDirection  ti_msp_dl_config.o
    0x00000950   0x00000950   0x00000030   Code   RO          735    .text.DL_Timer_setCaptCompUpdateMethod  dl_timer.o
    0x00000980   0x00000980   0x00000034   Code   RO          723    .text.DL_Timer_setCaptureCompareAction  dl_timer.o
    0x000009b4   0x000009b4   0x0000003c   Code   RO          699    .text.DL_Timer_setCaptureCompareCtl  dl_timer.o
    0x000009f0   0x000009f0   0x00000034   Code   RO          705    .text.DL_Timer_setCaptureCompareInput  dl_timer.o
    0x00000a24   0x00000a24   0x00000040   Code   RO          725    .text.DL_Timer_setCaptureCompareOutCtl  dl_timer.o
    0x00000a64   0x00000a64   0x0000002c   Code   RO          697    .text.DL_Timer_setCaptureCompareValue  dl_timer.o
    0x00000a90   0x00000a90   0x00000030   Code   RO          687    .text.DL_Timer_setClockConfig  dl_timer.o
    0x00000ac0   0x00000ac0   0x0000001c   Code   RO          695    .text.DL_Timer_setCounterValueAfterEnable  dl_timer.o
    0x00000adc   0x00000adc   0x00000018   Code   RO          693    .text.DL_Timer_setLoadValue  dl_timer.o
    0x00000af4   0x00000af4   0x00000014   Code   RO            6    .text.DL_Timer_startCounter  main.o
    0x00000b08   0x00000b08   0x00000018   Code   RO           48    .text.DL_Timer_stopCounter  main.o
    0x00000b20   0x00000b20   0x00000016   Code   RO          773    .text.DL_UART_disable  dl_uart.o
    0x00000b36   0x00000b36   0x00000016   Code   RO          180    .text.DL_UART_enable  ti_msp_dl_config.o
    0x00000b4c   0x00000b4c   0x00000018   Code   RO          142    .text.DL_UART_enablePower  ti_msp_dl_config.o
    0x00000b64   0x00000b64   0x00000048   Code   RO          771    .text.DL_UART_init  dl_uart.o
    0x00000bac   0x00000bac   0x00000018   Code   RO          136    .text.DL_UART_reset  ti_msp_dl_config.o
    0x00000bc4   0x00000bc4   0x0000004c   Code   RO          178    .text.DL_UART_setBaudRateDivisor  ti_msp_dl_config.o
    0x00000c10   0x00000c10   0x00000024   Code   RO          777    .text.DL_UART_setClockConfig  dl_uart.o
    0x00000c34   0x00000c34   0x0000001e   Code   RO          176    .text.DL_UART_setOversampling  ti_msp_dl_config.o
    0x00000c52   0x00000c52   0x0000006a   Code   RO          222    .text.OLED_Clear    oled.o
    0x00000cbc   0x00000cbc   0x00000134   Code   RO          236    .text.OLED_Init     oled.o
    0x00000df0   0x00000df0   0x0000003e   Code   RO          216    .text.OLED_Set_Pos  oled.o
    0x00000e2e   0x00000e2e   0x00000002   PAD
    0x00000e30   0x00000e30   0x000000b8   Code   RO          232    .text.OLED_ShowCHinese  oled.o
    0x00000ee8   0x00000ee8   0x000000c8   Code   RO          224    .text.OLED_ShowChar  oled.o
    0x00000fb0   0x00000fb0   0x00000068   Code   RO          230    .text.OLED_ShowString  oled.o
    0x00001018   0x00001018   0x000000a0   Code   RO          210    .text.OLED_WR_Byte  oled.o
    0x000010b8   0x000010b8   0x000000e4   Code   RO          120    .text.SYSCFG_DL_GPIO_init  ti_msp_dl_config.o
    0x0000119c   0x0000119c   0x00000058   Code   RO          124    .text.SYSCFG_DL_PWM_0_init  ti_msp_dl_config.o
    0x000011f4   0x000011f4   0x00000020   Code   RO          122    .text.SYSCFG_DL_SYSCTL_init  ti_msp_dl_config.o
    0x00001214   0x00001214   0x00000030   Code   RO          126    .text.SYSCFG_DL_TIMER_0_init  ti_msp_dl_config.o
    0x00001244   0x00001244   0x00000030   Code   RO          128    .text.SYSCFG_DL_TIMER_1_init  ti_msp_dl_config.o
    0x00001274   0x00001274   0x0000003c   Code   RO          130    .text.SYSCFG_DL_UART_0_init  ti_msp_dl_config.o
    0x000012b0   0x000012b0   0x00000020   Code   RO          116    .text.SYSCFG_DL_init  ti_msp_dl_config.o
    0x000012d0   0x000012d0   0x00000068   Code   RO          118    .text.SYSCFG_DL_initPower  ti_msp_dl_config.o
    0x00001338   0x00001338   0x00000178   Code   RO           10    .text.TIMG0_IRQHandler  main.o
    0x000014b0   0x000014b0   0x00000098   Code   RO           50    .text.TIMG1_IRQHandler  main.o
    0x00001548   0x00001548   0x000000be   Code   RO           64    .text.Timer_interface  main.o
    0x00001606   0x00001606   0x00000002   PAD
    0x00001608   0x00001608   0x00000034   Code   RO           36    .text.__NVIC_DisableIRQ  main.o
    0x0000163c   0x0000163c   0x0000002c   Code   RO            4    .text.__NVIC_EnableIRQ  main.o
    0x00001668   0x00001668   0x00000052   Code   RO           24    .text.boot_screen   main.o
    0x000016ba   0x000016ba   0x00000002   PAD
    0x000016bc   0x000016bc   0x00000120   Code   RO           12    .text.calendar_change  main.o
    0x000017dc   0x000017dc   0x0000010c   Code   RO           56    .text.calendar_to_ymd  main.o
    0x000018e8   0x000018e8   0x00000030   Code   RO           40    .text.change_string  main.o
    0x00001918   0x00001918   0x000000e0   Code   RO           44    .text.clock         main.o
    0x000019f8   0x000019f8   0x000000a2   Code   RO           52    .text.clock_interface  main.o
    0x00001a9a   0x00001a9a   0x00000002   PAD
    0x00001a9c   0x00001a9c   0x0000015c   Code   RO           54    .text.date          main.o
    0x00001bf8   0x00001bf8   0x00000030   Code   RO          208    .text.delay_ms      oled.o
    0x00001c28   0x00001c28   0x000001a0   Code   RO           32    .text.function_v1   main.o
    0x00001dc8   0x00001dc8   0x000000d0   Code   RO           34    .text.function_v2   main.o
    0x00001e98   0x00001e98   0x0000011c   Code   RO           62    .text.function_v2_interface  main.o
    0x00001fb4   0x00001fb4   0x00000104   Code   RO           42    .text.function_v3   main.o
    0x000020b8   0x000020b8   0x00000140   Code   RO           46    .text.function_v4   main.o
    0x000021f8   0x000021f8   0x0000011c   Code   RO           60    .text.functional_interface  main.o
    0x00002314   0x00002314   0x00000034   Code   RO           14    .text.hms_integration  main.o
    0x00002348   0x00002348   0x00000028   Code   RO           20    .text.hms_integration_  main.o
    0x00002370   0x00002370   0x00000046   Code   RO           18    .text.hms_into_t    main.o
    0x000023b6   0x000023b6   0x00000046   Code   RO           22    .text.hms_into_t_   main.o
    0x000023fc   0x000023fc   0x0000011c   Code   RO            8    .text.keyboard      main.o
    0x00002518   0x00002518   0x000000a4   Code   RO            2    .text.main          main.o
    0x000025bc   0x000025bc   0x00000142   Code   RO           38    .text.sethms        main.o
    0x000026fe   0x000026fe   0x00000002   PAD
    0x00002700   0x00002700   0x0000004c   Code   RO           70    .text.show_week     main.o
    0x0000274c   0x0000274c   0x00000040   Code   RO           72    .text.transmit_reminder  main.o
    0x0000278c   0x0000278c   0x00000146   Code   RO           16    .text.ymd_integration  main.o
    0x000028d2   0x000028d2   0x00000094   Code   RO           68    .text.zellers_formula  main.o
    0x00002966   0x00002966   0x00000b00   Data   RO          241    .rodata.CommonHzk   oled.o
    0x00003466   0x00003466   0x000005f0   Data   RO          239    .rodata.F8X16       oled.o
    0x00003a56   0x00003a56   0x00000003   Data   RO          184    .rodata.gPWM_0ClockConfig  ti_msp_dl_config.o
    0x00003a59   0x00003a59   0x00000003   PAD
    0x00003a5c   0x00003a5c   0x00000008   Data   RO          185    .rodata.gPWM_0Config  ti_msp_dl_config.o
    0x00003a64   0x00003a64   0x00000003   Data   RO          186    .rodata.gTIMER_0ClockConfig  ti_msp_dl_config.o
    0x00003a67   0x00003a67   0x00000001   PAD
    0x00003a68   0x00003a68   0x00000014   Data   RO          187    .rodata.gTIMER_0TimerConfig  ti_msp_dl_config.o
    0x00003a7c   0x00003a7c   0x00000003   Data   RO          188    .rodata.gTIMER_1ClockConfig  ti_msp_dl_config.o
    0x00003a7f   0x00003a7f   0x00000001   PAD
    0x00003a80   0x00003a80   0x00000014   Data   RO          189    .rodata.gTIMER_1TimerConfig  ti_msp_dl_config.o
    0x00003a94   0x00003a94   0x00000002   Data   RO          190    .rodata.gUART_0ClockConfig  ti_msp_dl_config.o
    0x00003a96   0x00003a96   0x0000000a   Data   RO          191    .rodata.gUART_0Config  ti_msp_dl_config.o
    0x00003aa0   0x00003aa0   0x00000012   Data   RO          106    .rodata.str1.1      main.o
    0x00003ab2   0x00003ab2   0x00000006   PAD
    0x00003ab8   0x00003ab8   0x00000020   Data   RO         1061    Region$$Table       anon$$obj.o


    Execution Region RW_IRAM2 (Exec base: 0x20000000, Load base: 0x00003ad8, Size: 0x00000228, Max: 0x00001000, ABSOLUTE)

    Exec Addr    Load Addr    Size         Type   Attr      Idx    E Section Name        Object

    0x20000000   0x00003ad8   0x00000003   Data   RW           82    .data.ap            main.o
    0x20000003   0x00003adb   0x00000014   Data   RW           81    .data.calendar      main.o
    0x20000017   0x00003aef   0x00000001   PAD
    0x20000018   0x00003af0   0x00000004   Data   RW           87    .data.carry         main.o
    0x2000001c   0x00003af4   0x00000004   Data   RW           90    .data.day           main.o
    0x20000020   0x00003af8   0x00000004   Data   RW           84    .data.hour          main.o
    0x20000024   0x00003afc   0x00000004   Data   RW           89    .data.month         main.o
    0x20000028   0x00003b00   0x00000003   Data   RW           83    .data.pa            main.o
    0x2000002b   0x00003b03   0x00000014   Data   RW           76    .data.time          main.o
    0x2000003f   0x00003b17   0x00000014   Data   RW           78    .data.time1         main.o
    0x20000053   0x00003b2b   0x00000014   Data   RW           79    .data.time2         main.o
    0x20000067   0x00003b3f   0x00000014   Data   RW           80    .data.time3         main.o
    0x2000007b   0x00003b53   0x00000014   Data   RW           77    .data.timer         main.o
    0x2000008f   0x00003b67   0x00000001   PAD
    0x20000090   0x00003b68   0x00000004   Data   RW           88    .data.year          main.o
    0x20000094   0x00003b6c   0x00000004   PAD
    0x20000098        -       0x00000060   Zero   RW          925    .bss                c_p.l(libspace.o)
    0x200000f8        -       0x00000004   Zero   RW           91    .bss.Thour          main.o
    0x200000fc        -       0x00000004   Zero   RW           92    .bss.Tminute        main.o
    0x20000100        -       0x00000004   Zero   RW           93    .bss.Tsecond        main.o
    0x20000104        -       0x00000004   Zero   RW           94    .bss.hour1          main.o
    0x20000108        -       0x00000004   Zero   RW           95    .bss.hour2          main.o
    0x2000010c        -       0x00000004   Zero   RW           96    .bss.hour3          main.o
    0x20000110        -       0x00000001   Zero   RW          104    .bss.is_carry       main.o
    0x20000111        -       0x00000001   Zero   RW          103    .bss.is_clock       main.o
    0x20000112        -       0x00000001   Zero   RW          101    .bss.is_time        main.o
    0x20000113        -       0x00000001   Zero   RW          102    .bss.is_timer       main.o
    0x20000114        -       0x00000004   Zero   RW           97    .bss.min1           main.o
    0x20000118        -       0x00000004   Zero   RW           98    .bss.min2           main.o
    0x2000011c        -       0x00000004   Zero   RW           99    .bss.min3           main.o
    0x20000120        -       0x00000004   Zero   RW           85    .bss.minute         main.o
    0x20000124        -       0x00000004   Zero   RW           86    .bss.second         main.o
    0x20000128        -       0x00000000   Zero   RW          199    HEAP                startup_mspm0l1306_uvision.o
    0x20000128        -       0x00000100   Zero   RW          198    STACK               startup_mspm0l1306_uvision.o



  Load Region LR_BCR (Base: 0x41c00000, Size: 0x00000000, Max: 0x00000100, ABSOLUTE)

    Execution Region BCR_CONFIG (Exec base: 0x41c00000, Load base: 0x41c00000, Size: 0x00000000, Max: 0x00000080, ABSOLUTE)

    **** No section assigned to this execution region ****



  Load Region LR_BSL (Base: 0x41c00100, Size: 0x00000000, Max: 0x00000100, ABSOLUTE)

    Execution Region BSL_CONFIG (Exec base: 0x41c00100, Load base: 0x41c00100, Size: 0x00000000, Max: 0x00000080, ABSOLUTE)

    **** No section assigned to this execution region ****


==============================================================================

Image component sizes


      Code (inc. data)   RO Data    RW Data    ZI Data      Debug   Object Name

        16          0          0          0          0        561   dl_common.o
       980        180          0          0          0      17466   dl_timer.o
       170          8          0          0          0      10649   dl_uart.o
      5948        292         18        146         48      16957   main.o
      1216         16       4336          0          0       6791   oled.o
        44         18        192          0        256        676   startup_mspm0l1306_uvision.o
      1344        148         69          0          0      21927   ti_msp_dl_config.o

    ----------------------------------------------------------------------
      9732        662       4658        148        308      75027   Object Totals
         0          0         32          0          0          0   (incl. Generated)
        14          0         11          2          4          0   (incl. Padding)

    ----------------------------------------------------------------------

      Code (inc. data)   RO Data    RW Data    ZI Data      Debug   Library Member Name

         8          0          0          0          0         68   __main.o
         0          0          0          0          0          0   __rtentry.o
        12          0          0          0          0          0   __rtentry2.o
         6          0          0          0          0          0   __rtentry4.o
        86         10          0          0          0          0   __scatter.o
        26          0          0          0          0          0   __scatter_copy.o
        28          0          0          0          0          0   __scatter_zi.o
       364          4          0          0          0         92   aeabi_sdiv.o
        16          0          0          0          0         68   exit.o
         6          0          0          0          0        136   heapauxi.o
         0          0          0          0          0          0   indicate_semi.o
         2          0          0          0          0          0   libinit.o
         2          0          0          0          0          0   libinit2.o
         2          0          0          0          0          0   libshutdown.o
         2          0          0          0          0          0   libshutdown2.o
         8          4          0          0         96         68   libspace.o
         2          0          0          0          0          0   rtexit.o
        10          0          0          0          0          0   rtexit2.o
        12          4          0          0          0         60   sys_exit.o
        62          0          0          0          0         80   sys_stackheap_outer.o
         2          0          0          0          0         68   use_no_semi.o

    ----------------------------------------------------------------------
       674         26          0          0         96        640   Library Totals
        18          4          0          0          0          0   (incl. Padding)

    ----------------------------------------------------------------------

      Code (inc. data)   RO Data    RW Data    ZI Data      Debug   Library Name

       656         22          0          0         96        640   c_p.l

    ----------------------------------------------------------------------
       674         26          0          0         96        640   Library Totals

    ----------------------------------------------------------------------

==============================================================================


      Code (inc. data)   RO Data    RW Data    ZI Data      Debug   

     10406        688       4658        148        404      75491   Grand Totals
     10406        688       4658        148        404      75491   ELF Image Totals
     10406        688       4658        148          0          0   ROM Totals

==============================================================================

    Total RO  Size (Code + RO Data)                15064 (  14.71kB)
    Total RW  Size (RW Data + ZI Data)               552 (   0.54kB)
    Total ROM Size (Code + RO Data + RW Data)      15212 (  14.86kB)

==============================================================================

